TITLE : Plate Clamped Square Self-Weight (L=1, regular 8x8 mesh)

        (10:40:20 on June 9, 2026, Tuesday)

C O N T R O L   I N F O R M A T I O N

	  NUMBER OF NODAL POINTS . . . . . . . . . . (NUMNP)  =    81
	  NUMBER OF ELEMENT GROUPS . . . . . . . . . (NUMEG)  =     1
	  NUMBER OF LOAD CASES . . . . . . . . . . . (NLCASE) =     1
	  SOLUTION MODE  . . . . . . . . . . . . . . (MODEX)  =     1
		 EQ.0, DATA CHECK
		 EQ.1, EXECUTION

 N O D A L   P O I N T   D A T A

    NODE       BOUNDARY                         NODAL POINT
   NUMBER  CONDITION  CODES                     COORDINATES
        1    0    0    1    1    1    0   0.000000e+00   0.000000e+00   0.000000e+00
        2    0    0    1    1    1    0   1.250000e-01   0.000000e+00   0.000000e+00
        3    0    0    1    1    1    0   2.500000e-01   0.000000e+00   0.000000e+00
        4    0    0    1    1    1    0   3.750000e-01   0.000000e+00   0.000000e+00
        5    0    0    1    1    1    0   5.000000e-01   0.000000e+00   0.000000e+00
        6    0    0    1    1    1    0   6.250000e-01   0.000000e+00   0.000000e+00
        7    0    0    1    1    1    0   7.500000e-01   0.000000e+00   0.000000e+00
        8    0    0    1    1    1    0   8.750000e-01   0.000000e+00   0.000000e+00
        9    0    0    1    1    1    0   1.000000e+00   0.000000e+00   0.000000e+00
       10    0    0    1    1    1    0   0.000000e+00   1.250000e-01   0.000000e+00
       11    0    0    0    0    0    0   1.250000e-01   1.250000e-01   0.000000e+00
       12    0    0    0    0    0    0   2.500000e-01   1.250000e-01   0.000000e+00
       13    0    0    0    0    0    0   3.750000e-01   1.250000e-01   0.000000e+00
       14    0    0    0    0    0    0   5.000000e-01   1.250000e-01   0.000000e+00
       15    0    0    0    0    0    0   6.250000e-01   1.250000e-01   0.000000e+00
       16    0    0    0    0    0    0   7.500000e-01   1.250000e-01   0.000000e+00
       17    0    0    0    0    0    0   8.750000e-01   1.250000e-01   0.000000e+00
       18    0    0    1    1    1    0   1.000000e+00   1.250000e-01   0.000000e+00
       19    0    0    1    1    1    0   0.000000e+00   2.500000e-01   0.000000e+00
       20    0    0    0    0    0    0   1.250000e-01   2.500000e-01   0.000000e+00
       21    0    0    0    0    0    0   2.500000e-01   2.500000e-01   0.000000e+00
       22    0    0    0    0    0    0   3.750000e-01   2.500000e-01   0.000000e+00
       23    0    0    0    0    0    0   5.000000e-01   2.500000e-01   0.000000e+00
       24    0    0    0    0    0    0   6.250000e-01   2.500000e-01   0.000000e+00
       25    0    0    0    0    0    0   7.500000e-01   2.500000e-01   0.000000e+00
       26    0    0    0    0    0    0   8.750000e-01   2.500000e-01   0.000000e+00
       27    0    0    1    1    1    0   1.000000e+00   2.500000e-01   0.000000e+00
       28    0    0    1    1    1    0   0.000000e+00   3.750000e-01   0.000000e+00
       29    0    0    0    0    0    0   1.250000e-01   3.750000e-01   0.000000e+00
       30    0    0    0    0    0    0   2.500000e-01   3.750000e-01   0.000000e+00
       31    0    0    0    0    0    0   3.750000e-01   3.750000e-01   0.000000e+00
       32    0    0    0    0    0    0   5.000000e-01   3.750000e-01   0.000000e+00
       33    0    0    0    0    0    0   6.250000e-01   3.750000e-01   0.000000e+00
       34    0    0    0    0    0    0   7.500000e-01   3.750000e-01   0.000000e+00
       35    0    0    0    0    0    0   8.750000e-01   3.750000e-01   0.000000e+00
       36    0    0    1    1    1    0   1.000000e+00   3.750000e-01   0.000000e+00
       37    0    0    1    1    1    0   0.000000e+00   5.000000e-01   0.000000e+00
       38    0    0    0    0    0    0   1.250000e-01   5.000000e-01   0.000000e+00
       39    0    0    0    0    0    0   2.500000e-01   5.000000e-01   0.000000e+00
       40    0    0    0    0    0    0   3.750000e-01   5.000000e-01   0.000000e+00
       41    0    0    0    0    0    0   5.000000e-01   5.000000e-01   0.000000e+00
       42    0    0    0    0    0    0   6.250000e-01   5.000000e-01   0.000000e+00
       43    0    0    0    0    0    0   7.500000e-01   5.000000e-01   0.000000e+00
       44    0    0    0    0    0    0   8.750000e-01   5.000000e-01   0.000000e+00
       45    0    0    1    1    1    0   1.000000e+00   5.000000e-01   0.000000e+00
       46    0    0    1    1    1    0   0.000000e+00   6.250000e-01   0.000000e+00
       47    0    0    0    0    0    0   1.250000e-01   6.250000e-01   0.000000e+00
       48    0    0    0    0    0    0   2.500000e-01   6.250000e-01   0.000000e+00
       49    0    0    0    0    0    0   3.750000e-01   6.250000e-01   0.000000e+00
       50    0    0    0    0    0    0   5.000000e-01   6.250000e-01   0.000000e+00
       51    0    0    0    0    0    0   6.250000e-01   6.250000e-01   0.000000e+00
       52    0    0    0    0    0    0   7.500000e-01   6.250000e-01   0.000000e+00
       53    0    0    0    0    0    0   8.750000e-01   6.250000e-01   0.000000e+00
       54    0    0    1    1    1    0   1.000000e+00   6.250000e-01   0.000000e+00
       55    0    0    1    1    1    0   0.000000e+00   7.500000e-01   0.000000e+00
       56    0    0    0    0    0    0   1.250000e-01   7.500000e-01   0.000000e+00
       57    0    0    0    0    0    0   2.500000e-01   7.500000e-01   0.000000e+00
       58    0    0    0    0    0    0   3.750000e-01   7.500000e-01   0.000000e+00
       59    0    0    0    0    0    0   5.000000e-01   7.500000e-01   0.000000e+00
       60    0    0    0    0    0    0   6.250000e-01   7.500000e-01   0.000000e+00
       61    0    0    0    0    0    0   7.500000e-01   7.500000e-01   0.000000e+00
       62    0    0    0    0    0    0   8.750000e-01   7.500000e-01   0.000000e+00
       63    0    0    1    1    1    0   1.000000e+00   7.500000e-01   0.000000e+00
       64    0    0    1    1    1    0   0.000000e+00   8.750000e-01   0.000000e+00
       65    0    0    0    0    0    0   1.250000e-01   8.750000e-01   0.000000e+00
       66    0    0    0    0    0    0   2.500000e-01   8.750000e-01   0.000000e+00
       67    0    0    0    0    0    0   3.750000e-01   8.750000e-01   0.000000e+00
       68    0    0    0    0    0    0   5.000000e-01   8.750000e-01   0.000000e+00
       69    0    0    0    0    0    0   6.250000e-01   8.750000e-01   0.000000e+00
       70    0    0    0    0    0    0   7.500000e-01   8.750000e-01   0.000000e+00
       71    0    0    0    0    0    0   8.750000e-01   8.750000e-01   0.000000e+00
       72    0    0    1    1    1    0   1.000000e+00   8.750000e-01   0.000000e+00
       73    0    0    1    1    1    0   0.000000e+00   1.000000e+00   0.000000e+00
       74    0    0    1    1    1    0   1.250000e-01   1.000000e+00   0.000000e+00
       75    0    0    1    1    1    0   2.500000e-01   1.000000e+00   0.000000e+00
       76    0    0    1    1    1    0   3.750000e-01   1.000000e+00   0.000000e+00
       77    0    0    1    1    1    0   5.000000e-01   1.000000e+00   0.000000e+00
       78    0    0    1    1    1    0   6.250000e-01   1.000000e+00   0.000000e+00
       79    0    0    1    1    1    0   7.500000e-01   1.000000e+00   0.000000e+00
       80    0    0    1    1    1    0   8.750000e-01   1.000000e+00   0.000000e+00
       81    0    0    1    1    1    0   1.000000e+00   1.000000e+00   0.000000e+00

 EQUATION NUMBERS

   NODE NUMBER        DEGREES OF FREEDOM
        N           X    Y    Z   RX   RY   RZ
        1           0    0    0    0    0    0
        2           0    0    0    0    0    0
        3           0    0    0    0    0    0
        4           0    0    0    0    0    0
        5           0    0    0    0    0    0
        6           0    0    0    0    0    0
        7           0    0    0    0    0    0
        8           0    0    0    0    0    0
        9           0    0    0    0    0    0
       10           0    0    0    0    0    0
       11           0    0    1    2    3    0
       12           0    0    4    5    6    0
       13           0    0    7    8    9    0
       14           0    0   10   11   12    0
       15           0    0   13   14   15    0
       16           0    0   16   17   18    0
       17           0    0   19   20   21    0
       18           0    0    0    0    0    0
       19           0    0    0    0    0    0
       20           0    0   22   23   24    0
       21           0    0   25   26   27    0
       22           0    0   28   29   30    0
       23           0    0   31   32   33    0
       24           0    0   34   35   36    0
       25           0    0   37   38   39    0
       26           0    0   40   41   42    0
       27           0    0    0    0    0    0
       28           0    0    0    0    0    0
       29           0    0   43   44   45    0
       30           0    0   46   47   48    0
       31           0    0   49   50   51    0
       32           0    0   52   53   54    0
       33           0    0   55   56   57    0
       34           0    0   58   59   60    0
       35           0    0   61   62   63    0
       36           0    0    0    0    0    0
       37           0    0    0    0    0    0
       38           0    0   64   65   66    0
       39           0    0   67   68   69    0
       40           0    0   70   71   72    0
       41           0    0   73   74   75    0
       42           0    0   76   77   78    0
       43           0    0   79   80   81    0
       44           0    0   82   83   84    0
       45           0    0    0    0    0    0
       46           0    0    0    0    0    0
       47           0    0   85   86   87    0
       48           0    0   88   89   90    0
       49           0    0   91   92   93    0
       50           0    0   94   95   96    0
       51           0    0   97   98   99    0
       52           0    0  100  101  102    0
       53           0    0  103  104  105    0
       54           0    0    0    0    0    0
       55           0    0    0    0    0    0
       56           0    0  106  107  108    0
       57           0    0  109  110  111    0
       58           0    0  112  113  114    0
       59           0    0  115  116  117    0
       60           0    0  118  119  120    0
       61           0    0  121  122  123    0
       62           0    0  124  125  126    0
       63           0    0    0    0    0    0
       64           0    0    0    0    0    0
       65           0    0  127  128  129    0
       66           0    0  130  131  132    0
       67           0    0  133  134  135    0
       68           0    0  136  137  138    0
       69           0    0  139  140  141    0
       70           0    0  142  143  144    0
       71           0    0  145  146  147    0
       72           0    0    0    0    0    0
       73           0    0    0    0    0    0
       74           0    0    0    0    0    0
       75           0    0    0    0    0    0
       76           0    0    0    0    0    0
       77           0    0    0    0    0    0
       78           0    0    0    0    0    0
       79           0    0    0    0    0    0
       80           0    0    0    0    0    0
       81           0    0    0    0    0    0

 G R A V I T Y

     LOAD CASE NUMBER . . . . . . . =     2
     GRAVITY ACCELERATION . . . . . =    9.800000e+00


 E L E M E N T   G R O U P   D A T A


 E L E M E N T   D E F I N I T I O N

 ELEMENT TYPE  . . . . . . . . . . . . .( NPAR(1) ) . . =    6
     EQ.1, TRUSS ELEMENTS
     EQ.2, ELEMENTS CURRENTLY
     EQ.3, NOT AVAILABLE

 NUMBER OF ELEMENTS. . . . . . . . . . .( NPAR(2) ) . . =   64

 M A T E R I A L   D E F I N I T I O N

 NUMBER OF DIFFERENT SETS OF MATERIAL
 AND THICKNESS CONSTANTS . . . . . . . .( NPAR(3) ) . . =    1

  SET       YOUNG'S       DENSITY       POISSON         THICKNESS
 NUMBER     MODULUS                      RATIO          (THICK)
               E            rho           NU               T
    1    2.000000e+11    1.000000e+03    3.000000e-01    1.000000e-02


 E L E M E N T   I N F O R M A T I O N
 ELEMENT     NODE     NODE     NODE     NODE       MATERIAL
 NUMBER-N      I        J        K        L       SET NUMBER
    1          1        2       11       10           1
    2          2        3       12       11           1
    3          3        4       13       12           1
    4          4        5       14       13           1
    5          5        6       15       14           1
    6          6        7       16       15           1
    7          7        8       17       16           1
    8          8        9       18       17           1
    9         10       11       20       19           1
   10         11       12       21       20           1
   11         12       13       22       21           1
   12         13       14       23       22           1
   13         14       15       24       23           1
   14         15       16       25       24           1
   15         16       17       26       25           1
   16         17       18       27       26           1
   17         19       20       29       28           1
   18         20       21       30       29           1
   19         21       22       31       30           1
   20         22       23       32       31           1
   21         23       24       33       32           1
   22         24       25       34       33           1
   23         25       26       35       34           1
   24         26       27       36       35           1
   25         28       29       38       37           1
   26         29       30       39       38           1
   27         30       31       40       39           1
   28         31       32       41       40           1
   29         32       33       42       41           1
   30         33       34       43       42           1
   31         34       35       44       43           1
   32         35       36       45       44           1
   33         37       38       47       46           1
   34         38       39       48       47           1
   35         39       40       49       48           1
   36         40       41       50       49           1
   37         41       42       51       50           1
   38         42       43       52       51           1
   39         43       44       53       52           1
   40         44       45       54       53           1
   41         46       47       56       55           1
   42         47       48       57       56           1
   43         48       49       58       57           1
   44         49       50       59       58           1
   45         50       51       60       59           1
   46         51       52       61       60           1
   47         52       53       62       61           1
   48         53       54       63       62           1
   49         55       56       65       64           1
   50         56       57       66       65           1
   51         57       58       67       66           1
   52         58       59       68       67           1
   53         59       60       69       68           1
   54         60       61       70       69           1
   55         61       62       71       70           1
   56         62       63       72       71           1
   57         64       65       74       73           1
   58         65       66       75       74           1
   59         66       67       76       75           1
   60         67       68       77       76           1
   61         68       69       78       77           1
   62         69       70       79       78           1
   63         70       71       80       79           1
   64         71       72       81       80           1

	TOTAL SYSTEM DATA

     NUMBER OF EQUATIONS . . . . . . . . . . . . . .(NEQ) = 147
     NUMBER OF MATRIX ELEMENTS . . . . . . . . . . .(NWK) = 3318
     MAXIMUM HALF BANDWIDTH  . . . . . . . . . . . .(MK ) = 27
     MEAN HALF BANDWIDTH . . . . . . . . . . . . . .(MM ) = 22.571428571428573


 LOAD CASE    1


 D I S P L A C E M E N T S

  NODE        X-DISPLACEMENT    Y-DISPLACEMENT    Z-DISPLACEMENT    X-ROTATION        Y-ROTATION        Z-ROTATION
    1              0.000000e+00      0.000000e+00      0.000000e+00      0.000000e+00      0.000000e+00      0.000000e+00
    2              0.000000e+00      0.000000e+00      0.000000e+00      0.000000e+00      0.000000e+00      0.000000e+00
    3              0.000000e+00      0.000000e+00      0.000000e+00      0.000000e+00      0.000000e+00      0.000000e+00
    4              0.000000e+00      0.000000e+00      0.000000e+00      0.000000e+00      0.000000e+00      0.000000e+00
    5              0.000000e+00      0.000000e+00      0.000000e+00      0.000000e+00      0.000000e+00      0.000000e+00
    6              0.000000e+00      0.000000e+00      0.000000e+00      0.000000e+00      0.000000e+00      0.000000e+00
    7              0.000000e+00      0.000000e+00      0.000000e+00      0.000000e+00      0.000000e+00      0.000000e+00
    8              0.000000e+00      0.000000e+00      0.000000e+00      0.000000e+00      0.000000e+00      0.000000e+00
    9              0.000000e+00      0.000000e+00      0.000000e+00      0.000000e+00      0.000000e+00      0.000000e+00
   10              0.000000e+00      0.000000e+00      0.000000e+00      0.000000e+00      0.000000e+00      0.000000e+00
   11              0.000000e+00      0.000000e+00     -3.502779e-07     -4.593731e-06      4.593731e-06      0.000000e+00
   12              0.000000e+00      0.000000e+00     -9.417797e-07     -1.215462e-05      4.435268e-06      0.000000e+00
   13              0.000000e+00      0.000000e+00     -1.378764e-06     -1.791445e-05      2.451196e-06      0.000000e+00
   14              0.000000e+00      0.000000e+00     -1.532992e-06     -1.997586e-05     -1.524659e-20      0.000000e+00
   15              0.000000e+00      0.000000e+00     -1.378764e-06     -1.791445e-05     -2.451196e-06      0.000000e+00
   16              0.000000e+00      0.000000e+00     -9.417797e-07     -1.215462e-05     -4.435268e-06      0.000000e+00
   17              0.000000e+00      0.000000e+00     -3.502779e-07     -4.593731e-06     -4.593731e-06      0.000000e+00
   18              0.000000e+00      0.000000e+00      0.000000e+00      0.000000e+00      0.000000e+00      0.000000e+00
   19              0.000000e+00      0.000000e+00      0.000000e+00      0.000000e+00      0.000000e+00      0.000000e+00
   20              0.000000e+00      0.000000e+00     -9.417797e-07     -4.435268e-06      1.215462e-05      0.000000e+00
   21              0.000000e+00      0.000000e+00     -2.533681e-06     -1.205318e-05      1.205318e-05      0.000000e+00
   22              0.000000e+00      0.000000e+00     -3.744839e-06     -1.804704e-05      6.864343e-06      0.000000e+00
   23              0.000000e+00      0.000000e+00     -4.180466e-06     -2.024468e-05      6.776264e-21      0.000000e+00
   24              0.000000e+00      0.000000e+00     -3.744839e-06     -1.804704e-05     -6.864343e-06      0.000000e+00
   25              0.000000e+00      0.000000e+00     -2.533681e-06     -1.205318e-05     -1.205318e-05      0.000000e+00
   26              0.000000e+00      0.000000e+00     -9.417797e-07     -4.435268e-06     -1.215462e-05      0.000000e+00
   27              0.000000e+00      0.000000e+00      0.000000e+00      0.000000e+00      0.000000e+00      0.000000e+00
   28              0.000000e+00      0.000000e+00      0.000000e+00      0.000000e+00      0.000000e+00      0.000000e+00
   29              0.000000e+00      0.000000e+00     -1.378764e-06     -2.451196e-06      1.791445e-05      0.000000e+00
   30              0.000000e+00      0.000000e+00     -3.744839e-06     -6.864343e-06      1.804704e-05      0.000000e+00
   31              0.000000e+00      0.000000e+00     -5.569725e-06     -1.040036e-05      1.040036e-05      0.000000e+00
   32              0.000000e+00      0.000000e+00     -6.231537e-06     -1.170850e-05     -2.032879e-20      0.000000e+00
   33              0.000000e+00      0.000000e+00     -5.569725e-06     -1.040036e-05     -1.040036e-05      0.000000e+00
   34              0.000000e+00      0.000000e+00     -3.744839e-06     -6.864343e-06     -1.804704e-05      0.000000e+00
   35              0.000000e+00      0.000000e+00     -1.378764e-06     -2.451196e-06     -1.791445e-05      0.000000e+00
   36              0.000000e+00      0.000000e+00      0.000000e+00      0.000000e+00      0.000000e+00      0.000000e+00
   37              0.000000e+00      0.000000e+00      0.000000e+00      0.000000e+00      0.000000e+00      0.000000e+00
   38              0.000000e+00      0.000000e+00     -1.532992e-06      2.861383e-20      1.997586e-05      0.000000e+00
   39              0.000000e+00      0.000000e+00     -4.180466e-06      1.050321e-19      2.024468e-05      0.000000e+00
   40              0.000000e+00      0.000000e+00     -6.231537e-06      1.783004e-19      1.170850e-05      0.000000e+00
   41              0.000000e+00      0.000000e+00     -6.977153e-06      2.385219e-19     -6.437450e-20      0.000000e+00
   42              0.000000e+00      0.000000e+00     -6.231537e-06      2.140876e-19     -1.170850e-05      0.000000e+00
   43              0.000000e+00      0.000000e+00     -4.180466e-06      1.240903e-19     -2.024468e-05      0.000000e+00
   44              0.000000e+00      0.000000e+00     -1.532992e-06      3.134022e-20     -1.997586e-05      0.000000e+00
   45              0.000000e+00      0.000000e+00      0.000000e+00      0.000000e+00      0.000000e+00      0.000000e+00
   46              0.000000e+00      0.000000e+00      0.000000e+00      0.000000e+00      0.000000e+00      0.000000e+00
   47              0.000000e+00      0.000000e+00     -1.378764e-06      2.451196e-06      1.791445e-05      0.000000e+00
   48              0.000000e+00      0.000000e+00     -3.744839e-06      6.864343e-06      1.804704e-05      0.000000e+00
   49              0.000000e+00      0.000000e+00     -5.569725e-06      1.040036e-05      1.040036e-05      0.000000e+00
   50              0.000000e+00      0.000000e+00     -6.231537e-06      1.170850e-05     -6.437450e-20      0.000000e+00
   51              0.000000e+00      0.000000e+00     -5.569725e-06      1.040036e-05     -1.040036e-05      0.000000e+00
   52              0.000000e+00      0.000000e+00     -3.744839e-06      6.864343e-06     -1.804704e-05      0.000000e+00
   53              0.000000e+00      0.000000e+00     -1.378764e-06      2.451196e-06     -1.791445e-05      0.000000e+00
   54              0.000000e+00      0.000000e+00      0.000000e+00      0.000000e+00      0.000000e+00      0.000000e+00
   55              0.000000e+00      0.000000e+00      0.000000e+00      0.000000e+00      0.000000e+00      0.000000e+00
   56              0.000000e+00      0.000000e+00     -9.417797e-07      4.435268e-06      1.215462e-05      0.000000e+00
   57              0.000000e+00      0.000000e+00     -2.533681e-06      1.205318e-05      1.205318e-05      0.000000e+00
   58              0.000000e+00      0.000000e+00     -3.744839e-06      1.804704e-05      6.864343e-06      0.000000e+00
   59              0.000000e+00      0.000000e+00     -4.180466e-06      2.024468e-05     -5.082198e-20      0.000000e+00
   60              0.000000e+00      0.000000e+00     -3.744839e-06      1.804704e-05     -6.864343e-06      0.000000e+00
   61              0.000000e+00      0.000000e+00     -2.533681e-06      1.205318e-05     -1.205318e-05      0.000000e+00
   62              0.000000e+00      0.000000e+00     -9.417797e-07      4.435268e-06     -1.215462e-05      0.000000e+00
   63              0.000000e+00      0.000000e+00      0.000000e+00      0.000000e+00      0.000000e+00      0.000000e+00
   64              0.000000e+00      0.000000e+00      0.000000e+00      0.000000e+00      0.000000e+00      0.000000e+00
   65              0.000000e+00      0.000000e+00     -3.502779e-07      4.593731e-06      4.593731e-06      0.000000e+00
   66              0.000000e+00      0.000000e+00     -9.417797e-07      1.215462e-05      4.435268e-06      0.000000e+00
   67              0.000000e+00      0.000000e+00     -1.378764e-06      1.791445e-05      2.451196e-06      0.000000e+00
   68              0.000000e+00      0.000000e+00     -1.532992e-06      1.997586e-05     -1.694066e-20      0.000000e+00
   69              0.000000e+00      0.000000e+00     -1.378764e-06      1.791445e-05     -2.451196e-06      0.000000e+00
   70              0.000000e+00      0.000000e+00     -9.417797e-07      1.215462e-05     -4.435268e-06      0.000000e+00
   71              0.000000e+00      0.000000e+00     -3.502779e-07      4.593731e-06     -4.593731e-06      0.000000e+00
   72              0.000000e+00      0.000000e+00      0.000000e+00      0.000000e+00      0.000000e+00      0.000000e+00
   73              0.000000e+00      0.000000e+00      0.000000e+00      0.000000e+00      0.000000e+00      0.000000e+00
   74              0.000000e+00      0.000000e+00      0.000000e+00      0.000000e+00      0.000000e+00      0.000000e+00
   75              0.000000e+00      0.000000e+00      0.000000e+00      0.000000e+00      0.000000e+00      0.000000e+00
   76              0.000000e+00      0.000000e+00      0.000000e+00      0.000000e+00      0.000000e+00      0.000000e+00
   77              0.000000e+00      0.000000e+00      0.000000e+00      0.000000e+00      0.000000e+00      0.000000e+00
   78              0.000000e+00      0.000000e+00      0.000000e+00      0.000000e+00      0.000000e+00      0.000000e+00
   79              0.000000e+00      0.000000e+00      0.000000e+00      0.000000e+00      0.000000e+00      0.000000e+00
   80              0.000000e+00      0.000000e+00      0.000000e+00      0.000000e+00      0.000000e+00      0.000000e+00
   81              0.000000e+00      0.000000e+00      0.000000e+00      0.000000e+00      0.000000e+00      0.000000e+00

 S T R E S S  C A L C U L A T I O N S  F O R  E L E M E N T  G R O U P    1

  ELEMENT           BENDING_MX          BENDING_MY          TWISTING_MXY
  NUMBER
    1        4.374982e-01        4.374982e-01        3.392391e-01
    2        3.564867e-01        1.223503e+00        5.452877e-01
    3        5.155055e-01        2.159257e+00        3.928379e-01
    4        6.531793e-01        2.721975e+00        1.373847e-01
    5        6.531793e-01        2.721975e+00       -1.373847e-01
    6        5.155055e-01        2.159257e+00       -3.928379e-01
    7        3.564867e-01        1.223503e+00       -5.452877e-01
    8        4.374982e-01        4.374982e-01       -3.392391e-01
    9        1.223503e+00        3.564867e-01        5.452877e-01
   10       -2.475322e-02       -2.475322e-02        8.632816e-01
   11       -5.248034e-01       -1.553650e-01        6.605746e-01
   12       -6.736351e-01       -1.753305e-01        2.394170e-01
   13       -6.736351e-01       -1.753305e-01       -2.394170e-01
   14       -5.248034e-01       -1.553650e-01       -6.605746e-01
   15       -2.475322e-02       -2.475322e-02       -8.632816e-01
   16        1.223503e+00        3.564867e-01       -5.452877e-01
   17        2.159257e+00        5.155055e-01        3.928379e-01
   18       -1.553650e-01       -5.248034e-01        6.605746e-01
   19       -1.222430e+00       -1.222430e+00        5.184305e-01
   20       -1.620480e+00       -1.565001e+00        1.906186e-01
   21       -1.620480e+00       -1.565001e+00       -1.906186e-01
   22       -1.222430e+00       -1.222430e+00       -5.184305e-01
   23       -1.553650e-01       -5.248034e-01       -6.605746e-01
   24        2.159257e+00        5.155055e-01       -3.928379e-01
   25        2.721975e+00        6.531793e-01        1.373847e-01
   26       -1.753305e-01       -6.736351e-01        2.394170e-01
   27       -1.565001e+00       -1.620480e+00        1.906186e-01
   28       -2.105606e+00       -2.105606e+00        7.043886e-02
   29       -2.105606e+00       -2.105606e+00       -7.043886e-02
   30       -1.565001e+00       -1.620480e+00       -1.906186e-01
   31       -1.753305e-01       -6.736351e-01       -2.394170e-01
   32        2.721975e+00        6.531793e-01       -1.373847e-01
   33        2.721975e+00        6.531793e-01       -1.373847e-01
   34       -1.753305e-01       -6.736351e-01       -2.394170e-01
   35       -1.565001e+00       -1.620480e+00       -1.906186e-01
   36       -2.105606e+00       -2.105606e+00       -7.043886e-02
   37       -2.105606e+00       -2.105606e+00        7.043886e-02
   38       -1.565001e+00       -1.620480e+00        1.906186e-01
   39       -1.753305e-01       -6.736351e-01        2.394170e-01
   40        2.721975e+00        6.531793e-01        1.373847e-01
   41        2.159257e+00        5.155055e-01       -3.928379e-01
   42       -1.553650e-01       -5.248034e-01       -6.605746e-01
   43       -1.222430e+00       -1.222430e+00       -5.184305e-01
   44       -1.620480e+00       -1.565001e+00       -1.906186e-01
   45       -1.620480e+00       -1.565001e+00        1.906186e-01
   46       -1.222430e+00       -1.222430e+00        5.184305e-01
   47       -1.553650e-01       -5.248034e-01        6.605746e-01
   48        2.159257e+00        5.155055e-01        3.928379e-01
   49        1.223503e+00        3.564867e-01       -5.452877e-01
   50       -2.475322e-02       -2.475322e-02       -8.632816e-01
   51       -5.248034e-01       -1.553650e-01       -6.605746e-01
   52       -6.736351e-01       -1.753305e-01       -2.394170e-01
   53       -6.736351e-01       -1.753305e-01        2.394170e-01
   54       -5.248034e-01       -1.553650e-01        6.605746e-01
   55       -2.475322e-02       -2.475322e-02        8.632816e-01
   56        1.223503e+00        3.564867e-01        5.452877e-01
   57        4.374982e-01        4.374982e-01       -3.392391e-01
   58        3.564867e-01        1.223503e+00       -5.452877e-01
   59        5.155055e-01        2.159257e+00       -3.928379e-01
   60        6.531793e-01        2.721975e+00       -1.373847e-01
   61        6.531793e-01        2.721975e+00        1.373847e-01
   62        5.155055e-01        2.159257e+00        3.928379e-01
   63        3.564867e-01        1.223503e+00        5.452877e-01
   64        4.374982e-01        4.374982e-01        3.392391e-01

 S O L U T I O N   T I M E   L O G   I N   S E C 

     TIME FOR INPUT PHASE = 0:00:00.004981
     TIME FOR CALCULATION OF STIFFNESS MATRIX = 0:00:00.030178
     TIME FOR FACTORIZATION AND LOAD CASE SOLUTIONS = 0:00:00.074838
     T O T A L   S O L U T I O N   T I M E = 0:00:00.111996
