TITLE : Plate Clamped Square Self-Weight (L=1, regular 4x4 mesh)

        (23:23:03 on June 8, 2026, Monday)

C O N T R O L   I N F O R M A T I O N

	  NUMBER OF NODAL POINTS . . . . . . . . . . (NUMNP)  =    25
	  NUMBER OF ELEMENT GROUPS . . . . . . . . . (NUMEG)  =     1
	  NUMBER OF LOAD CASES . . . . . . . . . . . (NLCASE) =     1
	  SOLUTION MODE  . . . . . . . . . . . . . . (MODEX)  =     1
		 EQ.0, DATA CHECK
		 EQ.1, EXECUTION

 N O D A L   P O I N T   D A T A

    NODE       BOUNDARY                         NODAL POINT
   NUMBER  CONDITION  CODES                     COORDINATES
        1    1    1    1      0.000000e+00   0.000000e+00   0.000000e+00
        2    1    1    1      2.500000e-01   0.000000e+00   0.000000e+00
        3    1    1    1      5.000000e-01   0.000000e+00   0.000000e+00
        4    1    1    1      7.500000e-01   0.000000e+00   0.000000e+00
        5    1    1    1      1.000000e+00   0.000000e+00   0.000000e+00
        6    1    1    1      0.000000e+00   2.500000e-01   0.000000e+00
        7    0    0    0      2.500000e-01   2.500000e-01   0.000000e+00
        8    0    0    0      5.000000e-01   2.500000e-01   0.000000e+00
        9    0    0    0      7.500000e-01   2.500000e-01   0.000000e+00
       10    1    1    1      1.000000e+00   2.500000e-01   0.000000e+00
       11    1    1    1      0.000000e+00   5.000000e-01   0.000000e+00
       12    0    0    0      2.500000e-01   5.000000e-01   0.000000e+00
       13    0    0    0      5.000000e-01   5.000000e-01   0.000000e+00
       14    0    0    0      7.500000e-01   5.000000e-01   0.000000e+00
       15    1    1    1      1.000000e+00   5.000000e-01   0.000000e+00
       16    1    1    1      0.000000e+00   7.500000e-01   0.000000e+00
       17    0    0    0      2.500000e-01   7.500000e-01   0.000000e+00
       18    0    0    0      5.000000e-01   7.500000e-01   0.000000e+00
       19    0    0    0      7.500000e-01   7.500000e-01   0.000000e+00
       20    1    1    1      1.000000e+00   7.500000e-01   0.000000e+00
       21    1    1    1      0.000000e+00   1.000000e+00   0.000000e+00
       22    1    1    1      2.500000e-01   1.000000e+00   0.000000e+00
       23    1    1    1      5.000000e-01   1.000000e+00   0.000000e+00
       24    1    1    1      7.500000e-01   1.000000e+00   0.000000e+00
       25    1    1    1      1.000000e+00   1.000000e+00   0.000000e+00

 EQUATION NUMBERS

   NODE NUMBER   DEGREES OF FREEDOM
        N           X    Y    Z
        1           0    0    0
        2           0    0    0
        3           0    0    0
        4           0    0    0
        5           0    0    0
        6           0    0    0
        7           1    2    3
        8           4    5    6
        9           7    8    9
       10           0    0    0
       11           0    0    0
       12          10   11   12
       13          13   14   15
       14          16   17   18
       15           0    0    0
       16           0    0    0
       17          19   20   21
       18          22   23   24
       19          25   26   27
       20           0    0    0
       21           0    0    0
       22           0    0    0
       23           0    0    0
       24           0    0    0
       25           0    0    0

 G R A V I T Y

     LOAD CASE NUMBER . . . . . . . =     2
     GRAVITY ACCELERATION . . . . . =    9.800000e+00


 E L E M E N T   G R O U P   D A T A


 E L E M E N T   D E F I N I T I O N

 ELEMENT TYPE  . . . . . . . . . . . . .( NPAR(1) ) . . =    6
     EQ.1, TRUSS ELEMENTS
     EQ.2, ELEMENTS CURRENTLY
     EQ.3, NOT AVAILABLE

 NUMBER OF ELEMENTS. . . . . . . . . . .( NPAR(2) ) . . =   16

 M A T E R I A L   D E F I N I T I O N

 NUMBER OF DIFFERENT SETS OF MATERIAL
 AND THICKNESS CONSTANTS . . . . . . . .( NPAR(3) ) . . =    1

  SET       YOUNG'S       DENSITY       POISSON         THICKNESS
 NUMBER     MODULUS                      RATIO          (THICK)
               E            rho           NU               T
    1    2.000000e+11    1.000000e+03    3.000000e-01    1.000000e-02


 E L E M E N T   I N F O R M A T I O N
 ELEMENT     NODE     NODE     NODE     NODE       MATERIAL
 NUMBER-N      I        J        K        L       SET NUMBER
    1          1        2        7        6           1
    2          2        3        8        7           1
    3          3        4        9        8           1
    4          4        5       10        9           1
    5          6        7       12       11           1
    6          7        8       13       12           1
    7          8        9       14       13           1
    8          9       10       15       14           1
    9         11       12       17       16           1
   10         12       13       18       17           1
   11         13       14       19       18           1
   12         14       15       20       19           1
   13         16       17       22       21           1
   14         17       18       23       22           1
   15         18       19       24       23           1
   16         19       20       25       24           1

	TOTAL SYSTEM DATA

     NUMBER OF EQUATIONS . . . . . . . . . . . . . .(NEQ) = 27
     NUMBER OF MATRIX ELEMENTS . . . . . . . . . . .(NWK) = 270
     MAXIMUM HALF BANDWIDTH  . . . . . . . . . . . .(MK ) = 15
     MEAN HALF BANDWIDTH . . . . . . . . . . . . . .(MM ) = 10.0


 LOAD CASE    1


 D I S P L A C E M E N T S

  NODE           X-DISPLACEMENT    Y-DISPLACEMENT    Z-DISPLACEMENT
    1              0.000000e+00      0.000000e+00      0.000000e+00
    2              0.000000e+00      0.000000e+00      0.000000e+00
    3              0.000000e+00      0.000000e+00      0.000000e+00
    4              0.000000e+00      0.000000e+00      0.000000e+00
    5              0.000000e+00      0.000000e+00      0.000000e+00
    6              0.000000e+00      0.000000e+00      0.000000e+00
    7             -2.687809e-06     -1.340779e-05      1.340779e-05
    8             -4.485665e-06     -2.198561e-05     -3.388132e-21
    9             -2.687809e-06     -1.340779e-05     -1.340779e-05
   10              0.000000e+00      0.000000e+00      0.000000e+00
   11              0.000000e+00      0.000000e+00      0.000000e+00
   12             -4.485665e-06      3.123434e-21      2.198561e-05
   13             -7.509002e-06      5.413915e-21     -5.082198e-21
   14             -4.485665e-06      8.893846e-21     -2.198561e-05
   15              0.000000e+00      0.000000e+00      0.000000e+00
   16              0.000000e+00      0.000000e+00      0.000000e+00
   17             -2.687809e-06      1.340779e-05      1.340779e-05
   18             -4.485665e-06      2.198561e-05     -3.388132e-21
   19             -2.687809e-06      1.340779e-05     -1.340779e-05
   20              0.000000e+00      0.000000e+00      0.000000e+00
   21              0.000000e+00      0.000000e+00      0.000000e+00
   22              0.000000e+00      0.000000e+00      0.000000e+00
   23              0.000000e+00      0.000000e+00      0.000000e+00
   24              0.000000e+00      0.000000e+00      0.000000e+00
   25              0.000000e+00      0.000000e+00      0.000000e+00

 S T R E S S  C A L C U L A T I O N S  F O R  E L E M E N T  G R O U P    1

  ELEMENT           BENDING_MX          BENDING_MY          TWISTING_MXY
  NUMBER
    1        6.384662e-01        6.384662e-01        7.589014e-01
    2       -1.021894e-01        1.149123e+00        4.557151e-01
    3       -1.021894e-01        1.149123e+00       -4.557151e-01
    4        6.384662e-01        6.384662e-01       -7.589014e-01
    5        1.149123e+00       -1.021894e-01        4.557151e-01
    6       -1.685400e+00       -1.685400e+00        2.828171e-01
    7       -1.685400e+00       -1.685400e+00       -2.828171e-01
    8        1.149123e+00       -1.021894e-01       -4.557151e-01
    9        1.149123e+00       -1.021894e-01       -4.557151e-01
   10       -1.685400e+00       -1.685400e+00       -2.828171e-01
   11       -1.685400e+00       -1.685400e+00        2.828171e-01
   12        1.149123e+00       -1.021894e-01        4.557151e-01
   13        6.384662e-01        6.384662e-01       -7.589014e-01
   14       -1.021894e-01        1.149123e+00       -4.557151e-01
   15       -1.021894e-01        1.149123e+00        4.557151e-01
   16        6.384662e-01        6.384662e-01        7.589014e-01

 S O L U T I O N   T I M E   L O G   I N   S E C 

     TIME FOR INPUT PHASE = 0:00:00.001745
     TIME FOR CALCULATION OF STIFFNESS MATRIX = 0:00:00.014920
     TIME FOR FACTORIZATION AND LOAD CASE SOLUTIONS = 0:00:00.008223
     T O T A L   S O L U T I O N   T I M E = 0:00:00.024888
