TITLE : Beam Cantilever Self-Weight (L=2, 8 elements)

        (10:40:20 on June 9, 2026, Tuesday)

C O N T R O L   I N F O R M A T I O N

	  NUMBER OF NODAL POINTS . . . . . . . . . . (NUMNP)  =     9
	  NUMBER OF ELEMENT GROUPS . . . . . . . . . (NUMEG)  =     1
	  NUMBER OF LOAD CASES . . . . . . . . . . . (NLCASE) =     1
	  SOLUTION MODE  . . . . . . . . . . . . . . (MODEX)  =     1
		 EQ.0, DATA CHECK
		 EQ.1, EXECUTION

 N O D A L   P O I N T   D A T A

    NODE       BOUNDARY                         NODAL POINT
   NUMBER  CONDITION  CODES                     COORDINATES
        1    1    0    1    0    1    0   0.000000e+00   0.000000e+00   0.000000e+00
        2    0    0    0    0    0    0   2.500000e-01   0.000000e+00   0.000000e+00
        3    0    0    0    0    0    0   5.000000e-01   0.000000e+00   0.000000e+00
        4    0    0    0    0    0    0   7.500000e-01   0.000000e+00   0.000000e+00
        5    0    0    0    0    0    0   1.000000e+00   0.000000e+00   0.000000e+00
        6    0    0    0    0    0    0   1.250000e+00   0.000000e+00   0.000000e+00
        7    0    0    0    0    0    0   1.500000e+00   0.000000e+00   0.000000e+00
        8    0    0    0    0    0    0   1.750000e+00   0.000000e+00   0.000000e+00
        9    0    0    0    0    0    0   2.000000e+00   0.000000e+00   0.000000e+00

 EQUATION NUMBERS

   NODE NUMBER        DEGREES OF FREEDOM
        N           X    Y    Z   RX   RY   RZ
        1           0    0    0    0    0    0
        2           1    0    2    0    3    0
        3           4    0    5    0    6    0
        4           7    0    8    0    9    0
        5          10    0   11    0   12    0
        6          13    0   14    0   15    0
        7          16    0   17    0   18    0
        8          19    0   20    0   21    0
        9          22    0   23    0   24    0

 G R A V I T Y

     LOAD CASE NUMBER . . . . . . . =     2
     GRAVITY ACCELERATION . . . . . =    9.800000e+00


 E L E M E N T   G R O U P   D A T A


 E L E M E N T   D E F I N I T I O N

 ELEMENT TYPE  . . . . . . . . . . . . .( NPAR(1) ) . . =    5
     EQ.1, TRUSS ELEMENTS
     EQ.2, ELEMENTS CURRENTLY
     EQ.3, NOT AVAILABLE

 NUMBER OF ELEMENTS. . . . . . . . . . .( NPAR(2) ) . . =    8

 M A T E R I A L   D E F I N I T I O N

 NUMBER OF DIFFERENT SETS OF MATERIAL
 AND SECTION PROPERTIES . . . . . . . .( NPAR(3) ) . . =    1

  SET       YOUNG'S     DENSITY       AREA        INERTIA      BENDING-PLANE NORMAL
 NUMBER     MODULUS                   (AREA)     (Izz / Iyy)      (nx    ny    nz)
               E          rho
    1    2.100000e+11    7.850000e+03    1.000000e-02    1.000000e-06   0.000   1.000   0.000


 E L E M E N T   I N F O R M A T I O N
 ELEMENT     NODE     NODE       MATERIAL
 NUMBER-N      I        J       SET NUMBER
    1          1        2           1
    2          2        3           1
    3          3        4           1
    4          4        5           1
    5          5        6           1
    6          6        7           1
    7          7        8           1
    8          8        9           1

	TOTAL SYSTEM DATA

     NUMBER OF EQUATIONS . . . . . . . . . . . . . .(NEQ) = 24
     NUMBER OF MATRIX ELEMENTS . . . . . . . . . . .(NWK) = 111
     MAXIMUM HALF BANDWIDTH  . . . . . . . . . . . .(MK ) = 6
     MEAN HALF BANDWIDTH . . . . . . . . . . . . . .(MM ) = 4.625


 LOAD CASE    1


 D I S P L A C E M E N T S

  NODE        X-DISPLACEMENT    Y-DISPLACEMENT    Z-DISPLACEMENT    X-ROTATION        Y-ROTATION        Z-ROTATION
    1              0.000000e+00      0.000000e+00      0.000000e+00      0.000000e+00      0.000000e+00      0.000000e+00
    2              0.000000e+00      0.000000e+00     -2.104747e-04      0.000000e+00      1.612248e-03      0.000000e+00
    3              0.000000e+00      0.000000e+00     -7.727344e-04      0.000000e+00      2.823819e-03      0.000000e+00
    4              0.000000e+00      0.000000e+00     -1.593765e-03      0.000000e+00      3.691953e-03      0.000000e+00
    5              0.000000e+00      0.000000e+00     -2.594861e-03      0.000000e+00      4.273889e-03      0.000000e+00
    6              0.000000e+00      0.000000e+00     -3.711629e-03      0.000000e+00      4.626866e-03      0.000000e+00
    7              0.000000e+00      0.000000e+00     -4.893984e-03      0.000000e+00      4.808125e-03      0.000000e+00
    8              0.000000e+00      0.000000e+00     -6.106152e-03      0.000000e+00      4.874905e-03      0.000000e+00
    9              0.000000e+00      0.000000e+00     -7.326667e-03      0.000000e+00      4.884444e-03      0.000000e+00

 S T R E S S  C A L C U L A T I O N S  F O R  E L E M E N T  G R O U P    1

  ELEMENT        AXIAL_FORCE      END_MOMENT_I      END_MOMENT_J
  NUMBER
    1      0.000000e+00     -1.534593e+03      1.173984e+03
    2      0.000000e+00     -1.173984e+03      8.614557e+02
    3      0.000000e+00     -8.614557e+02      5.970089e+02
    4      0.000000e+00     -5.970089e+02      3.806432e+02
    5      0.000000e+00     -3.806432e+02      2.123589e+02
    6      0.000000e+00     -2.123589e+02      9.215573e+01
    7      0.000000e+00     -9.215573e+01      2.003385e+01
    8      0.000000e+00     -2.003385e+01     -4.006771e+00

 S O L U T I O N   T I M E   L O G   I N   S E C 

     TIME FOR INPUT PHASE = 0:00:00.003084
     TIME FOR CALCULATION OF STIFFNESS MATRIX = 0:00:00.012077
     TIME FOR FACTORIZATION AND LOAD CASE SOLUTIONS = 0:00:00.001032
     T O T A L   S O L U T I O N   T I M E = 0:00:00.017158
