TITLE : Plate Clamped Square Self-Weight (L=1, regular 16x16 mesh)

        (15:04:34 on June 7, 2026, Sunday)

C O N T R O L   I N F O R M A T I O N

	  NUMBER OF NODAL POINTS . . . . . . . . . . (NUMNP)  =   289
	  NUMBER OF ELEMENT GROUPS . . . . . . . . . (NUMEG)  =     1
	  NUMBER OF LOAD CASES . . . . . . . . . . . (NLCASE) =     1
	  SOLUTION MODE  . . . . . . . . . . . . . . (MODEX)  =     1
		 EQ.0, DATA CHECK
		 EQ.1, EXECUTION

 N O D A L   P O I N T   D A T A

    NODE       BOUNDARY                         NODAL POINT
   NUMBER  CONDITION  CODES                     COORDINATES
        1    1    1    1      0.000000e+00   0.000000e+00   0.000000e+00
        2    1    1    1      6.250000e-02   0.000000e+00   0.000000e+00
        3    1    1    1      1.250000e-01   0.000000e+00   0.000000e+00
        4    1    1    1      1.875000e-01   0.000000e+00   0.000000e+00
        5    1    1    1      2.500000e-01   0.000000e+00   0.000000e+00
        6    1    1    1      3.125000e-01   0.000000e+00   0.000000e+00
        7    1    1    1      3.750000e-01   0.000000e+00   0.000000e+00
        8    1    1    1      4.375000e-01   0.000000e+00   0.000000e+00
        9    1    1    1      5.000000e-01   0.000000e+00   0.000000e+00
       10    1    1    1      5.625000e-01   0.000000e+00   0.000000e+00
       11    1    1    1      6.250000e-01   0.000000e+00   0.000000e+00
       12    1    1    1      6.875000e-01   0.000000e+00   0.000000e+00
       13    1    1    1      7.500000e-01   0.000000e+00   0.000000e+00
       14    1    1    1      8.125000e-01   0.000000e+00   0.000000e+00
       15    1    1    1      8.750000e-01   0.000000e+00   0.000000e+00
       16    1    1    1      9.375000e-01   0.000000e+00   0.000000e+00
       17    1    1    1      1.000000e+00   0.000000e+00   0.000000e+00
       18    1    1    1      0.000000e+00   6.250000e-02   0.000000e+00
       19    0    0    0      6.250000e-02   6.250000e-02   0.000000e+00
       20    0    0    0      1.250000e-01   6.250000e-02   0.000000e+00
       21    0    0    0      1.875000e-01   6.250000e-02   0.000000e+00
       22    0    0    0      2.500000e-01   6.250000e-02   0.000000e+00
       23    0    0    0      3.125000e-01   6.250000e-02   0.000000e+00
       24    0    0    0      3.750000e-01   6.250000e-02   0.000000e+00
       25    0    0    0      4.375000e-01   6.250000e-02   0.000000e+00
       26    0    0    0      5.000000e-01   6.250000e-02   0.000000e+00
       27    0    0    0      5.625000e-01   6.250000e-02   0.000000e+00
       28    0    0    0      6.250000e-01   6.250000e-02   0.000000e+00
       29    0    0    0      6.875000e-01   6.250000e-02   0.000000e+00
       30    0    0    0      7.500000e-01   6.250000e-02   0.000000e+00
       31    0    0    0      8.125000e-01   6.250000e-02   0.000000e+00
       32    0    0    0      8.750000e-01   6.250000e-02   0.000000e+00
       33    0    0    0      9.375000e-01   6.250000e-02   0.000000e+00
       34    1    1    1      1.000000e+00   6.250000e-02   0.000000e+00
       35    1    1    1      0.000000e+00   1.250000e-01   0.000000e+00
       36    0    0    0      6.250000e-02   1.250000e-01   0.000000e+00
       37    0    0    0      1.250000e-01   1.250000e-01   0.000000e+00
       38    0    0    0      1.875000e-01   1.250000e-01   0.000000e+00
       39    0    0    0      2.500000e-01   1.250000e-01   0.000000e+00
       40    0    0    0      3.125000e-01   1.250000e-01   0.000000e+00
       41    0    0    0      3.750000e-01   1.250000e-01   0.000000e+00
       42    0    0    0      4.375000e-01   1.250000e-01   0.000000e+00
       43    0    0    0      5.000000e-01   1.250000e-01   0.000000e+00
       44    0    0    0      5.625000e-01   1.250000e-01   0.000000e+00
       45    0    0    0      6.250000e-01   1.250000e-01   0.000000e+00
       46    0    0    0      6.875000e-01   1.250000e-01   0.000000e+00
       47    0    0    0      7.500000e-01   1.250000e-01   0.000000e+00
       48    0    0    0      8.125000e-01   1.250000e-01   0.000000e+00
       49    0    0    0      8.750000e-01   1.250000e-01   0.000000e+00
       50    0    0    0      9.375000e-01   1.250000e-01   0.000000e+00
       51    1    1    1      1.000000e+00   1.250000e-01   0.000000e+00
       52    1    1    1      0.000000e+00   1.875000e-01   0.000000e+00
       53    0    0    0      6.250000e-02   1.875000e-01   0.000000e+00
       54    0    0    0      1.250000e-01   1.875000e-01   0.000000e+00
       55    0    0    0      1.875000e-01   1.875000e-01   0.000000e+00
       56    0    0    0      2.500000e-01   1.875000e-01   0.000000e+00
       57    0    0    0      3.125000e-01   1.875000e-01   0.000000e+00
       58    0    0    0      3.750000e-01   1.875000e-01   0.000000e+00
       59    0    0    0      4.375000e-01   1.875000e-01   0.000000e+00
       60    0    0    0      5.000000e-01   1.875000e-01   0.000000e+00
       61    0    0    0      5.625000e-01   1.875000e-01   0.000000e+00
       62    0    0    0      6.250000e-01   1.875000e-01   0.000000e+00
       63    0    0    0      6.875000e-01   1.875000e-01   0.000000e+00
       64    0    0    0      7.500000e-01   1.875000e-01   0.000000e+00
       65    0    0    0      8.125000e-01   1.875000e-01   0.000000e+00
       66    0    0    0      8.750000e-01   1.875000e-01   0.000000e+00
       67    0    0    0      9.375000e-01   1.875000e-01   0.000000e+00
       68    1    1    1      1.000000e+00   1.875000e-01   0.000000e+00
       69    1    1    1      0.000000e+00   2.500000e-01   0.000000e+00
       70    0    0    0      6.250000e-02   2.500000e-01   0.000000e+00
       71    0    0    0      1.250000e-01   2.500000e-01   0.000000e+00
       72    0    0    0      1.875000e-01   2.500000e-01   0.000000e+00
       73    0    0    0      2.500000e-01   2.500000e-01   0.000000e+00
       74    0    0    0      3.125000e-01   2.500000e-01   0.000000e+00
       75    0    0    0      3.750000e-01   2.500000e-01   0.000000e+00
       76    0    0    0      4.375000e-01   2.500000e-01   0.000000e+00
       77    0    0    0      5.000000e-01   2.500000e-01   0.000000e+00
       78    0    0    0      5.625000e-01   2.500000e-01   0.000000e+00
       79    0    0    0      6.250000e-01   2.500000e-01   0.000000e+00
       80    0    0    0      6.875000e-01   2.500000e-01   0.000000e+00
       81    0    0    0      7.500000e-01   2.500000e-01   0.000000e+00
       82    0    0    0      8.125000e-01   2.500000e-01   0.000000e+00
       83    0    0    0      8.750000e-01   2.500000e-01   0.000000e+00
       84    0    0    0      9.375000e-01   2.500000e-01   0.000000e+00
       85    1    1    1      1.000000e+00   2.500000e-01   0.000000e+00
       86    1    1    1      0.000000e+00   3.125000e-01   0.000000e+00
       87    0    0    0      6.250000e-02   3.125000e-01   0.000000e+00
       88    0    0    0      1.250000e-01   3.125000e-01   0.000000e+00
       89    0    0    0      1.875000e-01   3.125000e-01   0.000000e+00
       90    0    0    0      2.500000e-01   3.125000e-01   0.000000e+00
       91    0    0    0      3.125000e-01   3.125000e-01   0.000000e+00
       92    0    0    0      3.750000e-01   3.125000e-01   0.000000e+00
       93    0    0    0      4.375000e-01   3.125000e-01   0.000000e+00
       94    0    0    0      5.000000e-01   3.125000e-01   0.000000e+00
       95    0    0    0      5.625000e-01   3.125000e-01   0.000000e+00
       96    0    0    0      6.250000e-01   3.125000e-01   0.000000e+00
       97    0    0    0      6.875000e-01   3.125000e-01   0.000000e+00
       98    0    0    0      7.500000e-01   3.125000e-01   0.000000e+00
       99    0    0    0      8.125000e-01   3.125000e-01   0.000000e+00
      100    0    0    0      8.750000e-01   3.125000e-01   0.000000e+00
      101    0    0    0      9.375000e-01   3.125000e-01   0.000000e+00
      102    1    1    1      1.000000e+00   3.125000e-01   0.000000e+00
      103    1    1    1      0.000000e+00   3.750000e-01   0.000000e+00
      104    0    0    0      6.250000e-02   3.750000e-01   0.000000e+00
      105    0    0    0      1.250000e-01   3.750000e-01   0.000000e+00
      106    0    0    0      1.875000e-01   3.750000e-01   0.000000e+00
      107    0    0    0      2.500000e-01   3.750000e-01   0.000000e+00
      108    0    0    0      3.125000e-01   3.750000e-01   0.000000e+00
      109    0    0    0      3.750000e-01   3.750000e-01   0.000000e+00
      110    0    0    0      4.375000e-01   3.750000e-01   0.000000e+00
      111    0    0    0      5.000000e-01   3.750000e-01   0.000000e+00
      112    0    0    0      5.625000e-01   3.750000e-01   0.000000e+00
      113    0    0    0      6.250000e-01   3.750000e-01   0.000000e+00
      114    0    0    0      6.875000e-01   3.750000e-01   0.000000e+00
      115    0    0    0      7.500000e-01   3.750000e-01   0.000000e+00
      116    0    0    0      8.125000e-01   3.750000e-01   0.000000e+00
      117    0    0    0      8.750000e-01   3.750000e-01   0.000000e+00
      118    0    0    0      9.375000e-01   3.750000e-01   0.000000e+00
      119    1    1    1      1.000000e+00   3.750000e-01   0.000000e+00
      120    1    1    1      0.000000e+00   4.375000e-01   0.000000e+00
      121    0    0    0      6.250000e-02   4.375000e-01   0.000000e+00
      122    0    0    0      1.250000e-01   4.375000e-01   0.000000e+00
      123    0    0    0      1.875000e-01   4.375000e-01   0.000000e+00
      124    0    0    0      2.500000e-01   4.375000e-01   0.000000e+00
      125    0    0    0      3.125000e-01   4.375000e-01   0.000000e+00
      126    0    0    0      3.750000e-01   4.375000e-01   0.000000e+00
      127    0    0    0      4.375000e-01   4.375000e-01   0.000000e+00
      128    0    0    0      5.000000e-01   4.375000e-01   0.000000e+00
      129    0    0    0      5.625000e-01   4.375000e-01   0.000000e+00
      130    0    0    0      6.250000e-01   4.375000e-01   0.000000e+00
      131    0    0    0      6.875000e-01   4.375000e-01   0.000000e+00
      132    0    0    0      7.500000e-01   4.375000e-01   0.000000e+00
      133    0    0    0      8.125000e-01   4.375000e-01   0.000000e+00
      134    0    0    0      8.750000e-01   4.375000e-01   0.000000e+00
      135    0    0    0      9.375000e-01   4.375000e-01   0.000000e+00
      136    1    1    1      1.000000e+00   4.375000e-01   0.000000e+00
      137    1    1    1      0.000000e+00   5.000000e-01   0.000000e+00
      138    0    0    0      6.250000e-02   5.000000e-01   0.000000e+00
      139    0    0    0      1.250000e-01   5.000000e-01   0.000000e+00
      140    0    0    0      1.875000e-01   5.000000e-01   0.000000e+00
      141    0    0    0      2.500000e-01   5.000000e-01   0.000000e+00
      142    0    0    0      3.125000e-01   5.000000e-01   0.000000e+00
      143    0    0    0      3.750000e-01   5.000000e-01   0.000000e+00
      144    0    0    0      4.375000e-01   5.000000e-01   0.000000e+00
      145    0    0    0      5.000000e-01   5.000000e-01   0.000000e+00
      146    0    0    0      5.625000e-01   5.000000e-01   0.000000e+00
      147    0    0    0      6.250000e-01   5.000000e-01   0.000000e+00
      148    0    0    0      6.875000e-01   5.000000e-01   0.000000e+00
      149    0    0    0      7.500000e-01   5.000000e-01   0.000000e+00
      150    0    0    0      8.125000e-01   5.000000e-01   0.000000e+00
      151    0    0    0      8.750000e-01   5.000000e-01   0.000000e+00
      152    0    0    0      9.375000e-01   5.000000e-01   0.000000e+00
      153    1    1    1      1.000000e+00   5.000000e-01   0.000000e+00
      154    1    1    1      0.000000e+00   5.625000e-01   0.000000e+00
      155    0    0    0      6.250000e-02   5.625000e-01   0.000000e+00
      156    0    0    0      1.250000e-01   5.625000e-01   0.000000e+00
      157    0    0    0      1.875000e-01   5.625000e-01   0.000000e+00
      158    0    0    0      2.500000e-01   5.625000e-01   0.000000e+00
      159    0    0    0      3.125000e-01   5.625000e-01   0.000000e+00
      160    0    0    0      3.750000e-01   5.625000e-01   0.000000e+00
      161    0    0    0      4.375000e-01   5.625000e-01   0.000000e+00
      162    0    0    0      5.000000e-01   5.625000e-01   0.000000e+00
      163    0    0    0      5.625000e-01   5.625000e-01   0.000000e+00
      164    0    0    0      6.250000e-01   5.625000e-01   0.000000e+00
      165    0    0    0      6.875000e-01   5.625000e-01   0.000000e+00
      166    0    0    0      7.500000e-01   5.625000e-01   0.000000e+00
      167    0    0    0      8.125000e-01   5.625000e-01   0.000000e+00
      168    0    0    0      8.750000e-01   5.625000e-01   0.000000e+00
      169    0    0    0      9.375000e-01   5.625000e-01   0.000000e+00
      170    1    1    1      1.000000e+00   5.625000e-01   0.000000e+00
      171    1    1    1      0.000000e+00   6.250000e-01   0.000000e+00
      172    0    0    0      6.250000e-02   6.250000e-01   0.000000e+00
      173    0    0    0      1.250000e-01   6.250000e-01   0.000000e+00
      174    0    0    0      1.875000e-01   6.250000e-01   0.000000e+00
      175    0    0    0      2.500000e-01   6.250000e-01   0.000000e+00
      176    0    0    0      3.125000e-01   6.250000e-01   0.000000e+00
      177    0    0    0      3.750000e-01   6.250000e-01   0.000000e+00
      178    0    0    0      4.375000e-01   6.250000e-01   0.000000e+00
      179    0    0    0      5.000000e-01   6.250000e-01   0.000000e+00
      180    0    0    0      5.625000e-01   6.250000e-01   0.000000e+00
      181    0    0    0      6.250000e-01   6.250000e-01   0.000000e+00
      182    0    0    0      6.875000e-01   6.250000e-01   0.000000e+00
      183    0    0    0      7.500000e-01   6.250000e-01   0.000000e+00
      184    0    0    0      8.125000e-01   6.250000e-01   0.000000e+00
      185    0    0    0      8.750000e-01   6.250000e-01   0.000000e+00
      186    0    0    0      9.375000e-01   6.250000e-01   0.000000e+00
      187    1    1    1      1.000000e+00   6.250000e-01   0.000000e+00
      188    1    1    1      0.000000e+00   6.875000e-01   0.000000e+00
      189    0    0    0      6.250000e-02   6.875000e-01   0.000000e+00
      190    0    0    0      1.250000e-01   6.875000e-01   0.000000e+00
      191    0    0    0      1.875000e-01   6.875000e-01   0.000000e+00
      192    0    0    0      2.500000e-01   6.875000e-01   0.000000e+00
      193    0    0    0      3.125000e-01   6.875000e-01   0.000000e+00
      194    0    0    0      3.750000e-01   6.875000e-01   0.000000e+00
      195    0    0    0      4.375000e-01   6.875000e-01   0.000000e+00
      196    0    0    0      5.000000e-01   6.875000e-01   0.000000e+00
      197    0    0    0      5.625000e-01   6.875000e-01   0.000000e+00
      198    0    0    0      6.250000e-01   6.875000e-01   0.000000e+00
      199    0    0    0      6.875000e-01   6.875000e-01   0.000000e+00
      200    0    0    0      7.500000e-01   6.875000e-01   0.000000e+00
      201    0    0    0      8.125000e-01   6.875000e-01   0.000000e+00
      202    0    0    0      8.750000e-01   6.875000e-01   0.000000e+00
      203    0    0    0      9.375000e-01   6.875000e-01   0.000000e+00
      204    1    1    1      1.000000e+00   6.875000e-01   0.000000e+00
      205    1    1    1      0.000000e+00   7.500000e-01   0.000000e+00
      206    0    0    0      6.250000e-02   7.500000e-01   0.000000e+00
      207    0    0    0      1.250000e-01   7.500000e-01   0.000000e+00
      208    0    0    0      1.875000e-01   7.500000e-01   0.000000e+00
      209    0    0    0      2.500000e-01   7.500000e-01   0.000000e+00
      210    0    0    0      3.125000e-01   7.500000e-01   0.000000e+00
      211    0    0    0      3.750000e-01   7.500000e-01   0.000000e+00
      212    0    0    0      4.375000e-01   7.500000e-01   0.000000e+00
      213    0    0    0      5.000000e-01   7.500000e-01   0.000000e+00
      214    0    0    0      5.625000e-01   7.500000e-01   0.000000e+00
      215    0    0    0      6.250000e-01   7.500000e-01   0.000000e+00
      216    0    0    0      6.875000e-01   7.500000e-01   0.000000e+00
      217    0    0    0      7.500000e-01   7.500000e-01   0.000000e+00
      218    0    0    0      8.125000e-01   7.500000e-01   0.000000e+00
      219    0    0    0      8.750000e-01   7.500000e-01   0.000000e+00
      220    0    0    0      9.375000e-01   7.500000e-01   0.000000e+00
      221    1    1    1      1.000000e+00   7.500000e-01   0.000000e+00
      222    1    1    1      0.000000e+00   8.125000e-01   0.000000e+00
      223    0    0    0      6.250000e-02   8.125000e-01   0.000000e+00
      224    0    0    0      1.250000e-01   8.125000e-01   0.000000e+00
      225    0    0    0      1.875000e-01   8.125000e-01   0.000000e+00
      226    0    0    0      2.500000e-01   8.125000e-01   0.000000e+00
      227    0    0    0      3.125000e-01   8.125000e-01   0.000000e+00
      228    0    0    0      3.750000e-01   8.125000e-01   0.000000e+00
      229    0    0    0      4.375000e-01   8.125000e-01   0.000000e+00
      230    0    0    0      5.000000e-01   8.125000e-01   0.000000e+00
      231    0    0    0      5.625000e-01   8.125000e-01   0.000000e+00
      232    0    0    0      6.250000e-01   8.125000e-01   0.000000e+00
      233    0    0    0      6.875000e-01   8.125000e-01   0.000000e+00
      234    0    0    0      7.500000e-01   8.125000e-01   0.000000e+00
      235    0    0    0      8.125000e-01   8.125000e-01   0.000000e+00
      236    0    0    0      8.750000e-01   8.125000e-01   0.000000e+00
      237    0    0    0      9.375000e-01   8.125000e-01   0.000000e+00
      238    1    1    1      1.000000e+00   8.125000e-01   0.000000e+00
      239    1    1    1      0.000000e+00   8.750000e-01   0.000000e+00
      240    0    0    0      6.250000e-02   8.750000e-01   0.000000e+00
      241    0    0    0      1.250000e-01   8.750000e-01   0.000000e+00
      242    0    0    0      1.875000e-01   8.750000e-01   0.000000e+00
      243    0    0    0      2.500000e-01   8.750000e-01   0.000000e+00
      244    0    0    0      3.125000e-01   8.750000e-01   0.000000e+00
      245    0    0    0      3.750000e-01   8.750000e-01   0.000000e+00
      246    0    0    0      4.375000e-01   8.750000e-01   0.000000e+00
      247    0    0    0      5.000000e-01   8.750000e-01   0.000000e+00
      248    0    0    0      5.625000e-01   8.750000e-01   0.000000e+00
      249    0    0    0      6.250000e-01   8.750000e-01   0.000000e+00
      250    0    0    0      6.875000e-01   8.750000e-01   0.000000e+00
      251    0    0    0      7.500000e-01   8.750000e-01   0.000000e+00
      252    0    0    0      8.125000e-01   8.750000e-01   0.000000e+00
      253    0    0    0      8.750000e-01   8.750000e-01   0.000000e+00
      254    0    0    0      9.375000e-01   8.750000e-01   0.000000e+00
      255    1    1    1      1.000000e+00   8.750000e-01   0.000000e+00
      256    1    1    1      0.000000e+00   9.375000e-01   0.000000e+00
      257    0    0    0      6.250000e-02   9.375000e-01   0.000000e+00
      258    0    0    0      1.250000e-01   9.375000e-01   0.000000e+00
      259    0    0    0      1.875000e-01   9.375000e-01   0.000000e+00
      260    0    0    0      2.500000e-01   9.375000e-01   0.000000e+00
      261    0    0    0      3.125000e-01   9.375000e-01   0.000000e+00
      262    0    0    0      3.750000e-01   9.375000e-01   0.000000e+00
      263    0    0    0      4.375000e-01   9.375000e-01   0.000000e+00
      264    0    0    0      5.000000e-01   9.375000e-01   0.000000e+00
      265    0    0    0      5.625000e-01   9.375000e-01   0.000000e+00
      266    0    0    0      6.250000e-01   9.375000e-01   0.000000e+00
      267    0    0    0      6.875000e-01   9.375000e-01   0.000000e+00
      268    0    0    0      7.500000e-01   9.375000e-01   0.000000e+00
      269    0    0    0      8.125000e-01   9.375000e-01   0.000000e+00
      270    0    0    0      8.750000e-01   9.375000e-01   0.000000e+00
      271    0    0    0      9.375000e-01   9.375000e-01   0.000000e+00
      272    1    1    1      1.000000e+00   9.375000e-01   0.000000e+00
      273    1    1    1      0.000000e+00   1.000000e+00   0.000000e+00
      274    1    1    1      6.250000e-02   1.000000e+00   0.000000e+00
      275    1    1    1      1.250000e-01   1.000000e+00   0.000000e+00
      276    1    1    1      1.875000e-01   1.000000e+00   0.000000e+00
      277    1    1    1      2.500000e-01   1.000000e+00   0.000000e+00
      278    1    1    1      3.125000e-01   1.000000e+00   0.000000e+00
      279    1    1    1      3.750000e-01   1.000000e+00   0.000000e+00
      280    1    1    1      4.375000e-01   1.000000e+00   0.000000e+00
      281    1    1    1      5.000000e-01   1.000000e+00   0.000000e+00
      282    1    1    1      5.625000e-01   1.000000e+00   0.000000e+00
      283    1    1    1      6.250000e-01   1.000000e+00   0.000000e+00
      284    1    1    1      6.875000e-01   1.000000e+00   0.000000e+00
      285    1    1    1      7.500000e-01   1.000000e+00   0.000000e+00
      286    1    1    1      8.125000e-01   1.000000e+00   0.000000e+00
      287    1    1    1      8.750000e-01   1.000000e+00   0.000000e+00
      288    1    1    1      9.375000e-01   1.000000e+00   0.000000e+00
      289    1    1    1      1.000000e+00   1.000000e+00   0.000000e+00

 EQUATION NUMBERS

   NODE NUMBER   DEGREES OF FREEDOM
        N           X    Y    Z
        1           0    0    0
        2           0    0    0
        3           0    0    0
        4           0    0    0
        5           0    0    0
        6           0    0    0
        7           0    0    0
        8           0    0    0
        9           0    0    0
       10           0    0    0
       11           0    0    0
       12           0    0    0
       13           0    0    0
       14           0    0    0
       15           0    0    0
       16           0    0    0
       17           0    0    0
       18           0    0    0
       19           1    2    3
       20           4    5    6
       21           7    8    9
       22          10   11   12
       23          13   14   15
       24          16   17   18
       25          19   20   21
       26          22   23   24
       27          25   26   27
       28          28   29   30
       29          31   32   33
       30          34   35   36
       31          37   38   39
       32          40   41   42
       33          43   44   45
       34           0    0    0
       35           0    0    0
       36          46   47   48
       37          49   50   51
       38          52   53   54
       39          55   56   57
       40          58   59   60
       41          61   62   63
       42          64   65   66
       43          67   68   69
       44          70   71   72
       45          73   74   75
       46          76   77   78
       47          79   80   81
       48          82   83   84
       49          85   86   87
       50          88   89   90
       51           0    0    0
       52           0    0    0
       53          91   92   93
       54          94   95   96
       55          97   98   99
       56         100  101  102
       57         103  104  105
       58         106  107  108
       59         109  110  111
       60         112  113  114
       61         115  116  117
       62         118  119  120
       63         121  122  123
       64         124  125  126
       65         127  128  129
       66         130  131  132
       67         133  134  135
       68           0    0    0
       69           0    0    0
       70         136  137  138
       71         139  140  141
       72         142  143  144
       73         145  146  147
       74         148  149  150
       75         151  152  153
       76         154  155  156
       77         157  158  159
       78         160  161  162
       79         163  164  165
       80         166  167  168
       81         169  170  171
       82         172  173  174
       83         175  176  177
       84         178  179  180
       85           0    0    0
       86           0    0    0
       87         181  182  183
       88         184  185  186
       89         187  188  189
       90         190  191  192
       91         193  194  195
       92         196  197  198
       93         199  200  201
       94         202  203  204
       95         205  206  207
       96         208  209  210
       97         211  212  213
       98         214  215  216
       99         217  218  219
      100         220  221  222
      101         223  224  225
      102           0    0    0
      103           0    0    0
      104         226  227  228
      105         229  230  231
      106         232  233  234
      107         235  236  237
      108         238  239  240
      109         241  242  243
      110         244  245  246
      111         247  248  249
      112         250  251  252
      113         253  254  255
      114         256  257  258
      115         259  260  261
      116         262  263  264
      117         265  266  267
      118         268  269  270
      119           0    0    0
      120           0    0    0
      121         271  272  273
      122         274  275  276
      123         277  278  279
      124         280  281  282
      125         283  284  285
      126         286  287  288
      127         289  290  291
      128         292  293  294
      129         295  296  297
      130         298  299  300
      131         301  302  303
      132         304  305  306
      133         307  308  309
      134         310  311  312
      135         313  314  315
      136           0    0    0
      137           0    0    0
      138         316  317  318
      139         319  320  321
      140         322  323  324
      141         325  326  327
      142         328  329  330
      143         331  332  333
      144         334  335  336
      145         337  338  339
      146         340  341  342
      147         343  344  345
      148         346  347  348
      149         349  350  351
      150         352  353  354
      151         355  356  357
      152         358  359  360
      153           0    0    0
      154           0    0    0
      155         361  362  363
      156         364  365  366
      157         367  368  369
      158         370  371  372
      159         373  374  375
      160         376  377  378
      161         379  380  381
      162         382  383  384
      163         385  386  387
      164         388  389  390
      165         391  392  393
      166         394  395  396
      167         397  398  399
      168         400  401  402
      169         403  404  405
      170           0    0    0
      171           0    0    0
      172         406  407  408
      173         409  410  411
      174         412  413  414
      175         415  416  417
      176         418  419  420
      177         421  422  423
      178         424  425  426
      179         427  428  429
      180         430  431  432
      181         433  434  435
      182         436  437  438
      183         439  440  441
      184         442  443  444
      185         445  446  447
      186         448  449  450
      187           0    0    0
      188           0    0    0
      189         451  452  453
      190         454  455  456
      191         457  458  459
      192         460  461  462
      193         463  464  465
      194         466  467  468
      195         469  470  471
      196         472  473  474
      197         475  476  477
      198         478  479  480
      199         481  482  483
      200         484  485  486
      201         487  488  489
      202         490  491  492
      203         493  494  495
      204           0    0    0
      205           0    0    0
      206         496  497  498
      207         499  500  501
      208         502  503  504
      209         505  506  507
      210         508  509  510
      211         511  512  513
      212         514  515  516
      213         517  518  519
      214         520  521  522
      215         523  524  525
      216         526  527  528
      217         529  530  531
      218         532  533  534
      219         535  536  537
      220         538  539  540
      221           0    0    0
      222           0    0    0
      223         541  542  543
      224         544  545  546
      225         547  548  549
      226         550  551  552
      227         553  554  555
      228         556  557  558
      229         559  560  561
      230         562  563  564
      231         565  566  567
      232         568  569  570
      233         571  572  573
      234         574  575  576
      235         577  578  579
      236         580  581  582
      237         583  584  585
      238           0    0    0
      239           0    0    0
      240         586  587  588
      241         589  590  591
      242         592  593  594
      243         595  596  597
      244         598  599  600
      245         601  602  603
      246         604  605  606
      247         607  608  609
      248         610  611  612
      249         613  614  615
      250         616  617  618
      251         619  620  621
      252         622  623  624
      253         625  626  627
      254         628  629  630
      255           0    0    0
      256           0    0    0
      257         631  632  633
      258         634  635  636
      259         637  638  639
      260         640  641  642
      261         643  644  645
      262         646  647  648
      263         649  650  651
      264         652  653  654
      265         655  656  657
      266         658  659  660
      267         661  662  663
      268         664  665  666
      269         667  668  669
      270         670  671  672
      271         673  674  675
      272           0    0    0
      273           0    0    0
      274           0    0    0
      275           0    0    0
      276           0    0    0
      277           0    0    0
      278           0    0    0
      279           0    0    0
      280           0    0    0
      281           0    0    0
      282           0    0    0
      283           0    0    0
      284           0    0    0
      285           0    0    0
      286           0    0    0
      287           0    0    0
      288           0    0    0
      289           0    0    0

 G R A V I T Y

     LOAD CASE NUMBER . . . . . . . =     2
     GRAVITY ACCELERATION . . . . . =    9.800000e+00


 E L E M E N T   G R O U P   D A T A


 E L E M E N T   D E F I N I T I O N

 ELEMENT TYPE  . . . . . . . . . . . . .( NPAR(1) ) . . =    6
     EQ.1, TRUSS ELEMENTS
     EQ.2, ELEMENTS CURRENTLY
     EQ.3, NOT AVAILABLE

 NUMBER OF ELEMENTS. . . . . . . . . . .( NPAR(2) ) . . =  256

 M A T E R I A L   D E F I N I T I O N

 NUMBER OF DIFFERENT SETS OF MATERIAL
 AND THICKNESS CONSTANTS . . . . . . . .( NPAR(3) ) . . =    1

  SET       YOUNG'S       DENSITY       POISSON         THICKNESS
 NUMBER     MODULUS                      RATIO          (THICK)
               E            rho           NU               T
    1    2.000000e+11    1.000000e+03    3.000000e-01    1.000000e-02


 E L E M E N T   I N F O R M A T I O N
 ELEMENT     NODE     NODE     NODE     NODE       MATERIAL
 NUMBER-N      I        J        K        L       SET NUMBER
    1          1        2       19       18           1
    2          2        3       20       19           1
    3          3        4       21       20           1
    4          4        5       22       21           1
    5          5        6       23       22           1
    6          6        7       24       23           1
    7          7        8       25       24           1
    8          8        9       26       25           1
    9          9       10       27       26           1
   10         10       11       28       27           1
   11         11       12       29       28           1
   12         12       13       30       29           1
   13         13       14       31       30           1
   14         14       15       32       31           1
   15         15       16       33       32           1
   16         16       17       34       33           1
   17         18       19       36       35           1
   18         19       20       37       36           1
   19         20       21       38       37           1
   20         21       22       39       38           1
   21         22       23       40       39           1
   22         23       24       41       40           1
   23         24       25       42       41           1
   24         25       26       43       42           1
   25         26       27       44       43           1
   26         27       28       45       44           1
   27         28       29       46       45           1
   28         29       30       47       46           1
   29         30       31       48       47           1
   30         31       32       49       48           1
   31         32       33       50       49           1
   32         33       34       51       50           1
   33         35       36       53       52           1
   34         36       37       54       53           1
   35         37       38       55       54           1
   36         38       39       56       55           1
   37         39       40       57       56           1
   38         40       41       58       57           1
   39         41       42       59       58           1
   40         42       43       60       59           1
   41         43       44       61       60           1
   42         44       45       62       61           1
   43         45       46       63       62           1
   44         46       47       64       63           1
   45         47       48       65       64           1
   46         48       49       66       65           1
   47         49       50       67       66           1
   48         50       51       68       67           1
   49         52       53       70       69           1
   50         53       54       71       70           1
   51         54       55       72       71           1
   52         55       56       73       72           1
   53         56       57       74       73           1
   54         57       58       75       74           1
   55         58       59       76       75           1
   56         59       60       77       76           1
   57         60       61       78       77           1
   58         61       62       79       78           1
   59         62       63       80       79           1
   60         63       64       81       80           1
   61         64       65       82       81           1
   62         65       66       83       82           1
   63         66       67       84       83           1
   64         67       68       85       84           1
   65         69       70       87       86           1
   66         70       71       88       87           1
   67         71       72       89       88           1
   68         72       73       90       89           1
   69         73       74       91       90           1
   70         74       75       92       91           1
   71         75       76       93       92           1
   72         76       77       94       93           1
   73         77       78       95       94           1
   74         78       79       96       95           1
   75         79       80       97       96           1
   76         80       81       98       97           1
   77         81       82       99       98           1
   78         82       83      100       99           1
   79         83       84      101      100           1
   80         84       85      102      101           1
   81         86       87      104      103           1
   82         87       88      105      104           1
   83         88       89      106      105           1
   84         89       90      107      106           1
   85         90       91      108      107           1
   86         91       92      109      108           1
   87         92       93      110      109           1
   88         93       94      111      110           1
   89         94       95      112      111           1
   90         95       96      113      112           1
   91         96       97      114      113           1
   92         97       98      115      114           1
   93         98       99      116      115           1
   94         99      100      117      116           1
   95        100      101      118      117           1
   96        101      102      119      118           1
   97        103      104      121      120           1
   98        104      105      122      121           1
   99        105      106      123      122           1
  100        106      107      124      123           1
  101        107      108      125      124           1
  102        108      109      126      125           1
  103        109      110      127      126           1
  104        110      111      128      127           1
  105        111      112      129      128           1
  106        112      113      130      129           1
  107        113      114      131      130           1
  108        114      115      132      131           1
  109        115      116      133      132           1
  110        116      117      134      133           1
  111        117      118      135      134           1
  112        118      119      136      135           1
  113        120      121      138      137           1
  114        121      122      139      138           1
  115        122      123      140      139           1
  116        123      124      141      140           1
  117        124      125      142      141           1
  118        125      126      143      142           1
  119        126      127      144      143           1
  120        127      128      145      144           1
  121        128      129      146      145           1
  122        129      130      147      146           1
  123        130      131      148      147           1
  124        131      132      149      148           1
  125        132      133      150      149           1
  126        133      134      151      150           1
  127        134      135      152      151           1
  128        135      136      153      152           1
  129        137      138      155      154           1
  130        138      139      156      155           1
  131        139      140      157      156           1
  132        140      141      158      157           1
  133        141      142      159      158           1
  134        142      143      160      159           1
  135        143      144      161      160           1
  136        144      145      162      161           1
  137        145      146      163      162           1
  138        146      147      164      163           1
  139        147      148      165      164           1
  140        148      149      166      165           1
  141        149      150      167      166           1
  142        150      151      168      167           1
  143        151      152      169      168           1
  144        152      153      170      169           1
  145        154      155      172      171           1
  146        155      156      173      172           1
  147        156      157      174      173           1
  148        157      158      175      174           1
  149        158      159      176      175           1
  150        159      160      177      176           1
  151        160      161      178      177           1
  152        161      162      179      178           1
  153        162      163      180      179           1
  154        163      164      181      180           1
  155        164      165      182      181           1
  156        165      166      183      182           1
  157        166      167      184      183           1
  158        167      168      185      184           1
  159        168      169      186      185           1
  160        169      170      187      186           1
  161        171      172      189      188           1
  162        172      173      190      189           1
  163        173      174      191      190           1
  164        174      175      192      191           1
  165        175      176      193      192           1
  166        176      177      194      193           1
  167        177      178      195      194           1
  168        178      179      196      195           1
  169        179      180      197      196           1
  170        180      181      198      197           1
  171        181      182      199      198           1
  172        182      183      200      199           1
  173        183      184      201      200           1
  174        184      185      202      201           1
  175        185      186      203      202           1
  176        186      187      204      203           1
  177        188      189      206      205           1
  178        189      190      207      206           1
  179        190      191      208      207           1
  180        191      192      209      208           1
  181        192      193      210      209           1
  182        193      194      211      210           1
  183        194      195      212      211           1
  184        195      196      213      212           1
  185        196      197      214      213           1
  186        197      198      215      214           1
  187        198      199      216      215           1
  188        199      200      217      216           1
  189        200      201      218      217           1
  190        201      202      219      218           1
  191        202      203      220      219           1
  192        203      204      221      220           1
  193        205      206      223      222           1
  194        206      207      224      223           1
  195        207      208      225      224           1
  196        208      209      226      225           1
  197        209      210      227      226           1
  198        210      211      228      227           1
  199        211      212      229      228           1
  200        212      213      230      229           1
  201        213      214      231      230           1
  202        214      215      232      231           1
  203        215      216      233      232           1
  204        216      217      234      233           1
  205        217      218      235      234           1
  206        218      219      236      235           1
  207        219      220      237      236           1
  208        220      221      238      237           1
  209        222      223      240      239           1
  210        223      224      241      240           1
  211        224      225      242      241           1
  212        225      226      243      242           1
  213        226      227      244      243           1
  214        227      228      245      244           1
  215        228      229      246      245           1
  216        229      230      247      246           1
  217        230      231      248      247           1
  218        231      232      249      248           1
  219        232      233      250      249           1
  220        233      234      251      250           1
  221        234      235      252      251           1
  222        235      236      253      252           1
  223        236      237      254      253           1
  224        237      238      255      254           1
  225        239      240      257      256           1
  226        240      241      258      257           1
  227        241      242      259      258           1
  228        242      243      260      259           1
  229        243      244      261      260           1
  230        244      245      262      261           1
  231        245      246      263      262           1
  232        246      247      264      263           1
  233        247      248      265      264           1
  234        248      249      266      265           1
  235        249      250      267      266           1
  236        250      251      268      267           1
  237        251      252      269      268           1
  238        252      253      270      269           1
  239        253      254      271      270           1
  240        254      255      272      271           1
  241        256      257      274      273           1
  242        257      258      275      274           1
  243        258      259      276      275           1
  244        259      260      277      276           1
  245        260      261      278      277           1
  246        261      262      279      278           1
  247        262      263      280      279           1
  248        263      264      281      280           1
  249        264      265      282      281           1
  250        265      266      283      282           1
  251        266      267      284      283           1
  252        267      268      285      284           1
  253        268      269      286      285           1
  254        269      270      287      286           1
  255        270      271      288      287           1
  256        271      272      289      288           1

	TOTAL SYSTEM DATA

     NUMBER OF EQUATIONS . . . . . . . . . . . . . .(NEQ) = 675
     NUMBER OF MATRIX ELEMENTS . . . . . . . . . . .(NWK) = 31590
     MAXIMUM HALF BANDWIDTH  . . . . . . . . . . . .(MK ) = 51
     MEAN HALF BANDWIDTH . . . . . . . . . . . . . .(MM ) = 46.8


 LOAD CASE    1


 D I S P L A C E M E N T S

  NODE           X-DISPLACEMENT    Y-DISPLACEMENT    Z-DISPLACEMENT
    1              0.000000e+00      0.000000e+00      0.000000e+00
    2              0.000000e+00      0.000000e+00      0.000000e+00
    3              0.000000e+00      0.000000e+00      0.000000e+00
    4              0.000000e+00      0.000000e+00      0.000000e+00
    5              0.000000e+00      0.000000e+00      0.000000e+00
    6              0.000000e+00      0.000000e+00      0.000000e+00
    7              0.000000e+00      0.000000e+00      0.000000e+00
    8              0.000000e+00      0.000000e+00      0.000000e+00
    9              0.000000e+00      0.000000e+00      0.000000e+00
   10              0.000000e+00      0.000000e+00      0.000000e+00
   11              0.000000e+00      0.000000e+00      0.000000e+00
   12              0.000000e+00      0.000000e+00      0.000000e+00
   13              0.000000e+00      0.000000e+00      0.000000e+00
   14              0.000000e+00      0.000000e+00      0.000000e+00
   15              0.000000e+00      0.000000e+00      0.000000e+00
   16              0.000000e+00      0.000000e+00      0.000000e+00
   17              0.000000e+00      0.000000e+00      0.000000e+00
   18              0.000000e+00      0.000000e+00      0.000000e+00
   19             -3.002542e-08     -9.210953e-07      9.210953e-07
   20             -1.047430e-07     -3.048579e-06      1.388799e-06
   21             -1.946473e-07     -5.620376e-06      1.446965e-06
   22             -2.807253e-07     -8.113020e-06      1.288066e-06
   23             -3.531528e-07     -1.023058e-05      1.020372e-06
   24             -4.070297e-07     -1.181595e-05      6.995132e-07
   25             -4.400156e-07     -1.279046e-05      3.543517e-07
   26             -4.511028e-07     -1.311863e-05      5.929231e-21
   27             -4.400156e-07     -1.279046e-05     -3.543517e-07
   28             -4.070297e-07     -1.181595e-05     -6.995132e-07
   29             -3.531528e-07     -1.023058e-05     -1.020372e-06
   30             -2.807253e-07     -8.113020e-06     -1.288066e-06
   31             -1.946473e-07     -5.620376e-06     -1.446965e-06
   32             -1.047430e-07     -3.048579e-06     -1.388799e-06
   33             -3.002542e-08     -9.210953e-07     -9.210953e-07
   34              0.000000e+00      0.000000e+00      0.000000e+00
   35              0.000000e+00      0.000000e+00      0.000000e+00
   36             -1.047430e-07     -1.388799e-06      3.048579e-06
   37             -3.470232e-07     -4.470610e-06      4.470610e-06
   38             -6.393724e-07     -8.201859e-06      4.734917e-06
   39             -9.240375e-07     -1.188911e-05      4.288883e-06
   40             -1.167052e-06     -1.508213e-05      3.441555e-06
   41             -1.349700e-06     -1.750767e-05      2.379758e-06
   42             -1.462259e-06     -1.901278e-05      1.211477e-06
   43             -1.500212e-06     -1.952199e-05      2.879912e-20
   44             -1.462259e-06     -1.901278e-05     -1.211477e-06
   45             -1.349700e-06     -1.750767e-05     -2.379758e-06
   46             -1.167052e-06     -1.508213e-05     -3.441555e-06
   47             -9.240375e-07     -1.188911e-05     -4.288883e-06
   48             -6.393724e-07     -8.201859e-06     -4.734917e-06
   49             -3.470232e-07     -4.470610e-06     -4.470610e-06
   50             -1.047430e-07     -1.388799e-06     -3.048579e-06
   51              0.000000e+00      0.000000e+00      0.000000e+00
   52              0.000000e+00      0.000000e+00      0.000000e+00
   53             -1.946473e-07     -1.446965e-06      5.620376e-06
   54             -6.393724e-07     -4.734917e-06      8.201859e-06
   55             -1.177606e-06     -8.754349e-06      8.754349e-06
   56             -1.706650e-06     -1.276918e-05      8.010419e-06
   57             -2.162593e-06     -1.628525e-05      6.483988e-06
   58             -2.507841e-06     -1.898202e-05      4.511760e-06
   59             -2.721666e-06     -2.066673e-05      2.305418e-06
   60             -2.793943e-06     -2.123865e-05      3.388132e-20
   61             -2.721666e-06     -2.066673e-05     -2.305418e-06
   62             -2.507841e-06     -1.898202e-05     -4.511760e-06
   63             -2.162593e-06     -1.628525e-05     -6.483988e-06
   64             -1.706650e-06     -1.276918e-05     -8.010419e-06
   65             -1.177606e-06     -8.754349e-06     -8.754349e-06
   66             -6.393724e-07     -4.734917e-06     -8.201859e-06
   67             -1.946473e-07     -1.446965e-06     -5.620376e-06
   68              0.000000e+00      0.000000e+00      0.000000e+00
   69              0.000000e+00      0.000000e+00      0.000000e+00
   70             -2.807253e-07     -1.288066e-06      8.113020e-06
   71             -9.240375e-07     -4.288883e-06      1.188911e-05
   72             -1.706650e-06     -8.010419e-06      1.276918e-05
   73             -2.480962e-06     -1.176351e-05      1.176351e-05
   74             -3.152564e-06     -1.507598e-05      9.578891e-06
   75             -3.663778e-06     -1.763284e-05      6.695209e-06
   76             -3.981534e-06     -1.923742e-05      3.430487e-06
   77             -4.089137e-06     -1.978342e-05      3.388132e-20
   78             -3.981534e-06     -1.923742e-05     -3.430487e-06
   79             -3.663778e-06     -1.763284e-05     -6.695209e-06
   80             -3.152564e-06     -1.507598e-05     -9.578891e-06
   81             -2.480962e-06     -1.176351e-05     -1.176351e-05
   82             -1.706650e-06     -8.010419e-06     -1.276918e-05
   83             -9.240375e-07     -4.288883e-06     -1.188911e-05
   84             -2.807253e-07     -1.288066e-06     -8.113020e-06
   85              0.000000e+00      0.000000e+00      0.000000e+00
   86              0.000000e+00      0.000000e+00      0.000000e+00
   87             -3.531528e-07     -1.020372e-06      1.023058e-05
   88             -1.167052e-06     -3.441555e-06      1.508213e-05
   89             -2.162593e-06     -6.483988e-06      1.628525e-05
   90             -3.152564e-06     -9.578891e-06      1.507598e-05
   91             -4.015088e-06     -1.232707e-05      1.232707e-05
   92             -4.674010e-06     -1.445788e-05      8.642940e-06
   93             -5.084610e-06     -1.579922e-05      4.436986e-06
   94             -5.223832e-06     -1.625637e-05     -1.355253e-20
   95             -5.084610e-06     -1.579922e-05     -4.436986e-06
   96             -4.674010e-06     -1.445788e-05     -8.642940e-06
   97             -4.015088e-06     -1.232707e-05     -1.232707e-05
   98             -3.152564e-06     -9.578891e-06     -1.507598e-05
   99             -2.162593e-06     -6.483988e-06     -1.628525e-05
  100             -1.167052e-06     -3.441555e-06     -1.508213e-05
  101             -3.531528e-07     -1.020372e-06     -1.023058e-05
  102              0.000000e+00      0.000000e+00      0.000000e+00
  103              0.000000e+00      0.000000e+00      0.000000e+00
  104             -4.070297e-07     -6.995132e-07      1.181595e-05
  105             -1.349700e-06     -2.379758e-06      1.750767e-05
  106             -2.507841e-06     -4.511760e-06      1.898202e-05
  107             -3.663778e-06     -6.695209e-06      1.763284e-05
  108             -4.674010e-06     -8.642940e-06      1.445788e-05
  109             -5.447642e-06     -1.015790e-05      1.015790e-05
  110             -5.930526e-06     -1.111352e-05      5.221358e-06
  111             -6.094397e-06     -1.143955e-05      3.388132e-20
  112             -5.930526e-06     -1.111352e-05     -5.221358e-06
  113             -5.447642e-06     -1.015790e-05     -1.015790e-05
  114             -4.674010e-06     -8.642940e-06     -1.445788e-05
  115             -3.663778e-06     -6.695209e-06     -1.763284e-05
  116             -2.507841e-06     -4.511760e-06     -1.898202e-05
  117             -1.349700e-06     -2.379758e-06     -1.750767e-05
  118             -4.070297e-07     -6.995132e-07     -1.181595e-05
  119              0.000000e+00      0.000000e+00      0.000000e+00
  120              0.000000e+00      0.000000e+00      0.000000e+00
  121             -4.400156e-07     -3.543517e-07      1.279046e-05
  122             -1.462259e-06     -1.211477e-06      1.901278e-05
  123             -2.721666e-06     -2.305418e-06      2.066673e-05
  124             -3.981534e-06     -3.430487e-06      1.923742e-05
  125             -5.084610e-06     -4.436986e-06      1.579922e-05
  126             -5.930526e-06     -5.221358e-06      1.111352e-05
  127             -6.459034e-06     -5.716733e-06      5.716733e-06
  128             -6.638475e-06     -5.885840e-06      1.829591e-19
  129             -6.459034e-06     -5.716733e-06     -5.716733e-06
  130             -5.930526e-06     -5.221358e-06     -1.111352e-05
  131             -5.084610e-06     -4.436986e-06     -1.579922e-05
  132             -3.981534e-06     -3.430487e-06     -1.923742e-05
  133             -2.721666e-06     -2.305418e-06     -2.066673e-05
  134             -1.462259e-06     -1.211477e-06     -1.901278e-05
  135             -4.400156e-07     -3.543517e-07     -1.279046e-05
  136              0.000000e+00      0.000000e+00      0.000000e+00
  137              0.000000e+00      0.000000e+00      0.000000e+00
  138             -4.511028e-07      6.401716e-20      1.311863e-05
  139             -1.500212e-06      2.079466e-19      1.952199e-05
  140             -2.793943e-06      4.417277e-19      2.123865e-05
  141             -4.089137e-06      6.716971e-19      1.978342e-05
  142             -5.223832e-06      7.771527e-19      1.625637e-05
  143             -6.094397e-06      8.057401e-19      1.143955e-05
  144             -6.638475e-06      9.362890e-19      5.885840e-06
  145             -6.823231e-06      8.398333e-19      3.659182e-19
  146             -6.638475e-06      7.265425e-19     -5.885840e-06
  147             -6.094397e-06      4.724326e-19     -1.143955e-05
  148             -5.223832e-06      1.973587e-19     -1.625637e-05
  149             -4.089137e-06     -5.548066e-20     -1.978342e-05
  150             -2.793943e-06     -1.821121e-19     -2.123865e-05
  151             -1.500212e-06     -1.164670e-19     -1.952199e-05
  152             -4.511028e-07     -4.192813e-20     -1.311863e-05
  153              0.000000e+00      0.000000e+00      0.000000e+00
  154              0.000000e+00      0.000000e+00      0.000000e+00
  155             -4.400156e-07      3.543517e-07      1.279046e-05
  156             -1.462259e-06      1.211477e-06      1.901278e-05
  157             -2.721666e-06      2.305418e-06      2.066673e-05
  158             -3.981534e-06      3.430487e-06      1.923742e-05
  159             -5.084610e-06      4.436986e-06      1.579922e-05
  160             -5.930526e-06      5.221358e-06      1.111352e-05
  161             -6.459034e-06      5.716733e-06      5.716733e-06
  162             -6.638475e-06      5.885840e-06      4.269046e-19
  163             -6.459034e-06      5.716733e-06     -5.716733e-06
  164             -5.930526e-06      5.221358e-06     -1.111352e-05
  165             -5.084610e-06      4.436986e-06     -1.579922e-05
  166             -3.981534e-06      3.430487e-06     -1.923742e-05
  167             -2.721666e-06      2.305418e-06     -2.066673e-05
  168             -1.462259e-06      1.211477e-06     -1.901278e-05
  169             -4.400156e-07      3.543517e-07     -1.279046e-05
  170              0.000000e+00      0.000000e+00      0.000000e+00
  171              0.000000e+00      0.000000e+00      0.000000e+00
  172             -4.070297e-07      6.995132e-07      1.181595e-05
  173             -1.349700e-06      2.379758e-06      1.750767e-05
  174             -2.507841e-06      4.511760e-06      1.898202e-05
  175             -3.663778e-06      6.695209e-06      1.763284e-05
  176             -4.674010e-06      8.642940e-06      1.445788e-05
  177             -5.447642e-06      1.015790e-05      1.015790e-05
  178             -5.930526e-06      1.111352e-05      5.221358e-06
  179             -6.094397e-06      1.143955e-05      3.930233e-19
  180             -5.930526e-06      1.111352e-05     -5.221358e-06
  181             -5.447642e-06      1.015790e-05     -1.015790e-05
  182             -4.674010e-06      8.642940e-06     -1.445788e-05
  183             -3.663778e-06      6.695209e-06     -1.763284e-05
  184             -2.507841e-06      4.511760e-06     -1.898202e-05
  185             -1.349700e-06      2.379758e-06     -1.750767e-05
  186             -4.070297e-07      6.995132e-07     -1.181595e-05
  187              0.000000e+00      0.000000e+00      0.000000e+00
  188              0.000000e+00      0.000000e+00      0.000000e+00
  189             -3.531528e-07      1.020372e-06      1.023058e-05
  190             -1.167052e-06      3.441555e-06      1.508213e-05
  191             -2.162593e-06      6.483988e-06      1.628525e-05
  192             -3.152564e-06      9.578891e-06      1.507598e-05
  193             -4.015088e-06      1.232707e-05      1.232707e-05
  194             -4.674010e-06      1.445788e-05      8.642940e-06
  195             -5.084610e-06      1.579922e-05      4.436986e-06
  196             -5.223832e-06      1.625637e-05      1.761829e-19
  197             -5.084610e-06      1.579922e-05     -4.436986e-06
  198             -4.674010e-06      1.445788e-05     -8.642940e-06
  199             -4.015088e-06      1.232707e-05     -1.232707e-05
  200             -3.152564e-06      9.578891e-06     -1.507598e-05
  201             -2.162593e-06      6.483988e-06     -1.628525e-05
  202             -1.167052e-06      3.441555e-06     -1.508213e-05
  203             -3.531528e-07      1.020372e-06     -1.023058e-05
  204              0.000000e+00      0.000000e+00      0.000000e+00
  205              0.000000e+00      0.000000e+00      0.000000e+00
  206             -2.807253e-07      1.288066e-06      8.113020e-06
  207             -9.240375e-07      4.288883e-06      1.188911e-05
  208             -1.706650e-06      8.010419e-06      1.276918e-05
  209             -2.480962e-06      1.176351e-05      1.176351e-05
  210             -3.152564e-06      1.507598e-05      9.578891e-06
  211             -3.663778e-06      1.763284e-05      6.695209e-06
  212             -3.981534e-06      1.923742e-05      3.430487e-06
  213             -4.089137e-06      1.978342e-05      8.131516e-20
  214             -3.981534e-06      1.923742e-05     -3.430487e-06
  215             -3.663778e-06      1.763284e-05     -6.695209e-06
  216             -3.152564e-06      1.507598e-05     -9.578891e-06
  217             -2.480962e-06      1.176351e-05     -1.176351e-05
  218             -1.706650e-06      8.010419e-06     -1.276918e-05
  219             -9.240375e-07      4.288883e-06     -1.188911e-05
  220             -2.807253e-07      1.288066e-06     -8.113020e-06
  221              0.000000e+00      0.000000e+00      0.000000e+00
  222              0.000000e+00      0.000000e+00      0.000000e+00
  223             -1.946473e-07      1.446965e-06      5.620376e-06
  224             -6.393724e-07      4.734917e-06      8.201859e-06
  225             -1.177606e-06      8.754349e-06      8.754349e-06
  226             -1.706650e-06      1.276918e-05      8.010419e-06
  227             -2.162593e-06      1.628525e-05      6.483988e-06
  228             -2.507841e-06      1.898202e-05      4.511760e-06
  229             -2.721666e-06      2.066673e-05      2.305418e-06
  230             -2.793943e-06      2.123865e-05      2.371692e-20
  231             -2.721666e-06      2.066673e-05     -2.305418e-06
  232             -2.507841e-06      1.898202e-05     -4.511760e-06
  233             -2.162593e-06      1.628525e-05     -6.483988e-06
  234             -1.706650e-06      1.276918e-05     -8.010419e-06
  235             -1.177606e-06      8.754349e-06     -8.754349e-06
  236             -6.393724e-07      4.734917e-06     -8.201859e-06
  237             -1.946473e-07      1.446965e-06     -5.620376e-06
  238              0.000000e+00      0.000000e+00      0.000000e+00
  239              0.000000e+00      0.000000e+00      0.000000e+00
  240             -1.047430e-07      1.388799e-06      3.048579e-06
  241             -3.470232e-07      4.470610e-06      4.470610e-06
  242             -6.393724e-07      8.201859e-06      4.734917e-06
  243             -9.240375e-07      1.188911e-05      4.288883e-06
  244             -1.167052e-06      1.508213e-05      3.441555e-06
  245             -1.349700e-06      1.750767e-05      2.379758e-06
  246             -1.462259e-06      1.901278e-05      1.211477e-06
  247             -1.500212e-06      1.952199e-05     -5.082198e-21
  248             -1.462259e-06      1.901278e-05     -1.211477e-06
  249             -1.349700e-06      1.750767e-05     -2.379758e-06
  250             -1.167052e-06      1.508213e-05     -3.441555e-06
  251             -9.240375e-07      1.188911e-05     -4.288883e-06
  252             -6.393724e-07      8.201859e-06     -4.734917e-06
  253             -3.470232e-07      4.470610e-06     -4.470610e-06
  254             -1.047430e-07      1.388799e-06     -3.048579e-06
  255              0.000000e+00      0.000000e+00      0.000000e+00
  256              0.000000e+00      0.000000e+00      0.000000e+00
  257             -3.002542e-08      9.210953e-07      9.210953e-07
  258             -1.047430e-07      3.048579e-06      1.388799e-06
  259             -1.946473e-07      5.620376e-06      1.446965e-06
  260             -2.807253e-07      8.113020e-06      1.288066e-06
  261             -3.531528e-07      1.023058e-05      1.020372e-06
  262             -4.070297e-07      1.181595e-05      6.995132e-07
  263             -4.400156e-07      1.279046e-05      3.543517e-07
  264             -4.511028e-07      1.311863e-05     -9.317362e-21
  265             -4.400156e-07      1.279046e-05     -3.543517e-07
  266             -4.070297e-07      1.181595e-05     -6.995132e-07
  267             -3.531528e-07      1.023058e-05     -1.020372e-06
  268             -2.807253e-07      8.113020e-06     -1.288066e-06
  269             -1.946473e-07      5.620376e-06     -1.446965e-06
  270             -1.047430e-07      3.048579e-06     -1.388799e-06
  271             -3.002542e-08      9.210953e-07     -9.210953e-07
  272              0.000000e+00      0.000000e+00      0.000000e+00
  273              0.000000e+00      0.000000e+00      0.000000e+00
  274              0.000000e+00      0.000000e+00      0.000000e+00
  275              0.000000e+00      0.000000e+00      0.000000e+00
  276              0.000000e+00      0.000000e+00      0.000000e+00
  277              0.000000e+00      0.000000e+00      0.000000e+00
  278              0.000000e+00      0.000000e+00      0.000000e+00
  279              0.000000e+00      0.000000e+00      0.000000e+00
  280              0.000000e+00      0.000000e+00      0.000000e+00
  281              0.000000e+00      0.000000e+00      0.000000e+00
  282              0.000000e+00      0.000000e+00      0.000000e+00
  283              0.000000e+00      0.000000e+00      0.000000e+00
  284              0.000000e+00      0.000000e+00      0.000000e+00
  285              0.000000e+00      0.000000e+00      0.000000e+00
  286              0.000000e+00      0.000000e+00      0.000000e+00
  287              0.000000e+00      0.000000e+00      0.000000e+00
  288              0.000000e+00      0.000000e+00      0.000000e+00
  289              0.000000e+00      0.000000e+00      0.000000e+00

 S T R E S S  C A L C U L A T I O N S  F O R  E L E M E N T  G R O U P    1

  ELEMENT           BENDING_MX          BENDING_MY          TWISTING_MXY
  NUMBER
    1        1.754467e-01        1.754467e-01        1.026186e-01
    2        2.430192e-01        6.021956e-01        2.628958e-01
    3        3.895754e-01        1.272733e+00        3.128306e-01
    4        5.803838e-01        2.005235e+00        2.969389e-01
    5        7.670894e-01        2.675940e+00        2.484473e-01
    6        9.220659e-01        3.216157e+00        1.841531e-01
    7        1.031027e+00        3.590162e+00        1.125038e-01
    8        1.086941e+00        3.780627e+00        3.777595e-02
    9        1.086941e+00        3.780627e+00       -3.777595e-02
   10        1.031027e+00        3.590162e+00       -1.125038e-01
   11        9.220659e-01        3.216157e+00       -1.841531e-01
   12        7.670894e-01        2.675940e+00       -2.484473e-01
   13        5.803838e-01        2.005235e+00       -2.969389e-01
   14        3.895754e-01        1.272733e+00       -3.128306e-01
   15        2.430192e-01        6.021956e-01       -2.628958e-01
   16        1.754467e-01        1.754467e-01       -1.026186e-01
   17        6.021956e-01        2.430192e-01        2.628958e-01
   18        3.599496e-01        3.599496e-01        5.656121e-01
   19        2.232274e-01        6.007702e-01        6.789810e-01
   20        1.908190e-01        9.049224e-01        6.641276e-01
   21        2.158637e-01        1.215111e+00        5.693611e-01
   22        2.608534e-01        1.484025e+00        4.292470e-01
   23        3.019443e-01        1.679122e+00        2.650481e-01
   24        3.255499e-01        1.781090e+00        8.945500e-02
   25        3.255499e-01        1.781090e+00       -8.945500e-02
   26        3.019443e-01        1.679122e+00       -2.650481e-01
   27        2.608534e-01        1.484025e+00       -4.292470e-01
   28        2.158637e-01        1.215111e+00       -5.693611e-01
   29        1.908190e-01        9.049224e-01       -6.641276e-01
   30        2.232274e-01        6.007702e-01       -6.789810e-01
   31        3.599496e-01        3.599496e-01       -5.656121e-01
   32        6.021956e-01        2.430192e-01       -2.628958e-01
   33        1.272733e+00        3.895754e-01        3.128306e-01
   34        6.007702e-01        2.232274e-01        6.789810e-01
   35        1.555803e-01        1.555803e-01        8.190706e-01
   36       -1.113843e-01        1.575918e-01        8.121779e-01
   37       -2.562350e-01        2.008876e-01        7.067541e-01
   38       -3.268543e-01        2.589408e-01        5.392888e-01
   39       -3.569423e-01        3.100250e-01        3.357065e-01
   40       -3.671371e-01        3.392741e-01        1.137606e-01
   41       -3.671371e-01        3.392741e-01       -1.137606e-01
   42       -3.569423e-01        3.100250e-01       -3.357065e-01
   43       -3.268543e-01        2.589408e-01       -5.392888e-01
   44       -2.562350e-01        2.008876e-01       -7.067541e-01
   45       -1.113843e-01        1.575918e-01       -8.121779e-01
   46        1.555803e-01        1.555803e-01       -8.190706e-01
   47        6.007702e-01        2.232274e-01       -6.789810e-01
   48        1.272733e+00        3.895754e-01       -3.128306e-01
   49        2.005235e+00        5.803838e-01        2.969389e-01
   50        9.049224e-01        1.908190e-01        6.641276e-01
   51        1.575918e-01       -1.113843e-01        8.121779e-01
   52       -3.332560e-01       -3.332560e-01        8.132520e-01
   53       -6.411035e-01       -4.876556e-01        7.142541e-01
   54       -8.239482e-01       -5.883119e-01        5.493116e-01
   55       -9.237532e-01       -6.475931e-01        3.438617e-01
   56       -9.672191e-01       -6.747726e-01        1.168592e-01
   57       -9.672191e-01       -6.747726e-01       -1.168592e-01
   58       -9.237532e-01       -6.475931e-01       -3.438617e-01
   59       -8.239482e-01       -5.883119e-01       -5.493116e-01
   60       -6.411035e-01       -4.876556e-01       -7.142541e-01
   61       -3.332560e-01       -3.332560e-01       -8.132520e-01
   62        1.575918e-01       -1.113843e-01       -8.121779e-01
   63        9.049224e-01        1.908190e-01       -6.641276e-01
   64        2.005235e+00        5.803838e-01       -2.969389e-01
   65        2.675940e+00        7.670894e-01        2.484473e-01
   66        1.215111e+00        2.158637e-01        5.693611e-01
   67        2.008876e-01       -2.562350e-01        7.067541e-01
   68       -4.876556e-01       -6.411035e-01        7.142541e-01
   69       -9.397204e-01       -9.397204e-01        6.316220e-01
   70       -1.222706e+00       -1.156660e+00        4.883665e-01
   71       -1.385292e+00       -1.297341e+00        3.068644e-01
   72       -1.458908e+00       -1.366372e+00        1.044895e-01
   73       -1.458908e+00       -1.366372e+00       -1.044895e-01
   74       -1.385292e+00       -1.297341e+00       -3.068644e-01
   75       -1.222706e+00       -1.156660e+00       -4.883665e-01
   76       -9.397204e-01       -9.397204e-01       -6.316220e-01
   77       -4.876556e-01       -6.411035e-01       -7.142541e-01
   78        2.008876e-01       -2.562350e-01       -7.067541e-01
   79        1.215111e+00        2.158637e-01       -5.693611e-01
   80        2.675940e+00        7.670894e-01       -2.484473e-01
   81        3.216157e+00        9.220659e-01        1.841531e-01
   82        1.484025e+00        2.608534e-01        4.292470e-01
   83        2.589408e-01       -3.268543e-01        5.392888e-01
   84       -5.883119e-01       -8.239482e-01        5.493116e-01
   85       -1.156660e+00       -1.222706e+00        4.883665e-01
   86       -1.520783e+00       -1.520783e+00        3.790378e-01
   87       -1.734535e+00       -1.718451e+00        2.387741e-01
   88       -1.832835e+00       -1.816852e+00        8.140952e-02
   89       -1.832835e+00       -1.816852e+00       -8.140952e-02
   90       -1.734535e+00       -1.718451e+00       -2.387741e-01
   91       -1.520783e+00       -1.520783e+00       -3.790378e-01
   92       -1.156660e+00       -1.222706e+00       -4.883665e-01
   93       -5.883119e-01       -8.239482e-01       -5.493116e-01
   94        2.589408e-01       -3.268543e-01       -5.392888e-01
   95        1.484025e+00        2.608534e-01       -4.292470e-01
   96        3.216157e+00        9.220659e-01       -1.841531e-01
   97        3.590162e+00        1.031027e+00        1.125038e-01
   98        1.679122e+00        3.019443e-01        2.650481e-01
   99        3.100250e-01       -3.569423e-01        3.357065e-01
  100       -6.475931e-01       -9.237532e-01        3.438617e-01
  101       -1.297341e+00       -1.385292e+00        3.068644e-01
  102       -1.718451e+00       -1.734535e+00        2.387741e-01
  103       -1.968254e+00       -1.968254e+00        1.506604e-01
  104       -2.083991e+00       -2.085264e+00        5.140884e-02
  105       -2.083991e+00       -2.085264e+00       -5.140884e-02
  106       -1.968254e+00       -1.968254e+00       -1.506604e-01
  107       -1.718451e+00       -1.734535e+00       -2.387741e-01
  108       -1.297341e+00       -1.385292e+00       -3.068644e-01
  109       -6.475931e-01       -9.237532e-01       -3.438617e-01
  110        3.100250e-01       -3.569423e-01       -3.357065e-01
  111        1.679122e+00        3.019443e-01       -2.650481e-01
  112        3.590162e+00        1.031027e+00       -1.125038e-01
  113        3.780627e+00        1.086941e+00        3.777595e-02
  114        1.781090e+00        3.255499e-01        8.945500e-02
  115        3.392741e-01       -3.671371e-01        1.137606e-01
  116       -6.747726e-01       -9.672191e-01        1.168592e-01
  117       -1.366372e+00       -1.458908e+00        1.044895e-01
  118       -1.816852e+00       -1.832835e+00        8.140952e-02
  119       -2.085264e+00       -2.083991e+00        5.140884e-02
  120       -2.210014e+00       -2.210014e+00        1.754881e-02
  121       -2.210014e+00       -2.210014e+00       -1.754881e-02
  122       -2.085264e+00       -2.083991e+00       -5.140884e-02
  123       -1.816852e+00       -1.832835e+00       -8.140952e-02
  124       -1.366372e+00       -1.458908e+00       -1.044895e-01
  125       -6.747726e-01       -9.672191e-01       -1.168592e-01
  126        3.392741e-01       -3.671371e-01       -1.137606e-01
  127        1.781090e+00        3.255499e-01       -8.945500e-02
  128        3.780627e+00        1.086941e+00       -3.777595e-02
  129        3.780627e+00        1.086941e+00       -3.777595e-02
  130        1.781090e+00        3.255499e-01       -8.945500e-02
  131        3.392741e-01       -3.671371e-01       -1.137606e-01
  132       -6.747726e-01       -9.672191e-01       -1.168592e-01
  133       -1.366372e+00       -1.458908e+00       -1.044895e-01
  134       -1.816852e+00       -1.832835e+00       -8.140952e-02
  135       -2.085264e+00       -2.083991e+00       -5.140884e-02
  136       -2.210014e+00       -2.210014e+00       -1.754881e-02
  137       -2.210014e+00       -2.210014e+00        1.754881e-02
  138       -2.085264e+00       -2.083991e+00        5.140884e-02
  139       -1.816852e+00       -1.832835e+00        8.140952e-02
  140       -1.366372e+00       -1.458908e+00        1.044895e-01
  141       -6.747726e-01       -9.672191e-01        1.168592e-01
  142        3.392741e-01       -3.671371e-01        1.137606e-01
  143        1.781090e+00        3.255499e-01        8.945500e-02
  144        3.780627e+00        1.086941e+00        3.777595e-02
  145        3.590162e+00        1.031027e+00       -1.125038e-01
  146        1.679122e+00        3.019443e-01       -2.650481e-01
  147        3.100250e-01       -3.569423e-01       -3.357065e-01
  148       -6.475931e-01       -9.237532e-01       -3.438617e-01
  149       -1.297341e+00       -1.385292e+00       -3.068644e-01
  150       -1.718451e+00       -1.734535e+00       -2.387741e-01
  151       -1.968254e+00       -1.968254e+00       -1.506604e-01
  152       -2.083991e+00       -2.085264e+00       -5.140884e-02
  153       -2.083991e+00       -2.085264e+00        5.140884e-02
  154       -1.968254e+00       -1.968254e+00        1.506604e-01
  155       -1.718451e+00       -1.734535e+00        2.387741e-01
  156       -1.297341e+00       -1.385292e+00        3.068644e-01
  157       -6.475931e-01       -9.237532e-01        3.438617e-01
  158        3.100250e-01       -3.569423e-01        3.357065e-01
  159        1.679122e+00        3.019443e-01        2.650481e-01
  160        3.590162e+00        1.031027e+00        1.125038e-01
  161        3.216157e+00        9.220659e-01       -1.841531e-01
  162        1.484025e+00        2.608534e-01       -4.292470e-01
  163        2.589408e-01       -3.268543e-01       -5.392888e-01
  164       -5.883119e-01       -8.239482e-01       -5.493116e-01
  165       -1.156660e+00       -1.222706e+00       -4.883665e-01
  166       -1.520783e+00       -1.520783e+00       -3.790378e-01
  167       -1.734535e+00       -1.718451e+00       -2.387741e-01
  168       -1.832835e+00       -1.816852e+00       -8.140952e-02
  169       -1.832835e+00       -1.816852e+00        8.140952e-02
  170       -1.734535e+00       -1.718451e+00        2.387741e-01
  171       -1.520783e+00       -1.520783e+00        3.790378e-01
  172       -1.156660e+00       -1.222706e+00        4.883665e-01
  173       -5.883119e-01       -8.239482e-01        5.493116e-01
  174        2.589408e-01       -3.268543e-01        5.392888e-01
  175        1.484025e+00        2.608534e-01        4.292470e-01
  176        3.216157e+00        9.220659e-01        1.841531e-01
  177        2.675940e+00        7.670894e-01       -2.484473e-01
  178        1.215111e+00        2.158637e-01       -5.693611e-01
  179        2.008876e-01       -2.562350e-01       -7.067541e-01
  180       -4.876556e-01       -6.411035e-01       -7.142541e-01
  181       -9.397204e-01       -9.397204e-01       -6.316220e-01
  182       -1.222706e+00       -1.156660e+00       -4.883665e-01
  183       -1.385292e+00       -1.297341e+00       -3.068644e-01
  184       -1.458908e+00       -1.366372e+00       -1.044895e-01
  185       -1.458908e+00       -1.366372e+00        1.044895e-01
  186       -1.385292e+00       -1.297341e+00        3.068644e-01
  187       -1.222706e+00       -1.156660e+00        4.883665e-01
  188       -9.397204e-01       -9.397204e-01        6.316220e-01
  189       -4.876556e-01       -6.411035e-01        7.142541e-01
  190        2.008876e-01       -2.562350e-01        7.067541e-01
  191        1.215111e+00        2.158637e-01        5.693611e-01
  192        2.675940e+00        7.670894e-01        2.484473e-01
  193        2.005235e+00        5.803838e-01       -2.969389e-01
  194        9.049224e-01        1.908190e-01       -6.641276e-01
  195        1.575918e-01       -1.113843e-01       -8.121779e-01
  196       -3.332560e-01       -3.332560e-01       -8.132520e-01
  197       -6.411035e-01       -4.876556e-01       -7.142541e-01
  198       -8.239482e-01       -5.883119e-01       -5.493116e-01
  199       -9.237532e-01       -6.475931e-01       -3.438617e-01
  200       -9.672191e-01       -6.747726e-01       -1.168592e-01
  201       -9.672191e-01       -6.747726e-01        1.168592e-01
  202       -9.237532e-01       -6.475931e-01        3.438617e-01
  203       -8.239482e-01       -5.883119e-01        5.493116e-01
  204       -6.411035e-01       -4.876556e-01        7.142541e-01
  205       -3.332560e-01       -3.332560e-01        8.132520e-01
  206        1.575918e-01       -1.113843e-01        8.121779e-01
  207        9.049224e-01        1.908190e-01        6.641276e-01
  208        2.005235e+00        5.803838e-01        2.969389e-01
  209        1.272733e+00        3.895754e-01       -3.128306e-01
  210        6.007702e-01        2.232274e-01       -6.789810e-01
  211        1.555803e-01        1.555803e-01       -8.190706e-01
  212       -1.113843e-01        1.575918e-01       -8.121779e-01
  213       -2.562350e-01        2.008876e-01       -7.067541e-01
  214       -3.268543e-01        2.589408e-01       -5.392888e-01
  215       -3.569423e-01        3.100250e-01       -3.357065e-01
  216       -3.671371e-01        3.392741e-01       -1.137606e-01
  217       -3.671371e-01        3.392741e-01        1.137606e-01
  218       -3.569423e-01        3.100250e-01        3.357065e-01
  219       -3.268543e-01        2.589408e-01        5.392888e-01
  220       -2.562350e-01        2.008876e-01        7.067541e-01
  221       -1.113843e-01        1.575918e-01        8.121779e-01
  222        1.555803e-01        1.555803e-01        8.190706e-01
  223        6.007702e-01        2.232274e-01        6.789810e-01
  224        1.272733e+00        3.895754e-01        3.128306e-01
  225        6.021956e-01        2.430192e-01       -2.628958e-01
  226        3.599496e-01        3.599496e-01       -5.656121e-01
  227        2.232274e-01        6.007702e-01       -6.789810e-01
  228        1.908190e-01        9.049224e-01       -6.641276e-01
  229        2.158637e-01        1.215111e+00       -5.693611e-01
  230        2.608534e-01        1.484025e+00       -4.292470e-01
  231        3.019443e-01        1.679122e+00       -2.650481e-01
  232        3.255499e-01        1.781090e+00       -8.945500e-02
  233        3.255499e-01        1.781090e+00        8.945500e-02
  234        3.019443e-01        1.679122e+00        2.650481e-01
  235        2.608534e-01        1.484025e+00        4.292470e-01
  236        2.158637e-01        1.215111e+00        5.693611e-01
  237        1.908190e-01        9.049224e-01        6.641276e-01
  238        2.232274e-01        6.007702e-01        6.789810e-01
  239        3.599496e-01        3.599496e-01        5.656121e-01
  240        6.021956e-01        2.430192e-01        2.628958e-01
  241        1.754467e-01        1.754467e-01       -1.026186e-01
  242        2.430192e-01        6.021956e-01       -2.628958e-01
  243        3.895754e-01        1.272733e+00       -3.128306e-01
  244        5.803838e-01        2.005235e+00       -2.969389e-01
  245        7.670894e-01        2.675940e+00       -2.484473e-01
  246        9.220659e-01        3.216157e+00       -1.841531e-01
  247        1.031027e+00        3.590162e+00       -1.125038e-01
  248        1.086941e+00        3.780627e+00       -3.777595e-02
  249        1.086941e+00        3.780627e+00        3.777595e-02
  250        1.031027e+00        3.590162e+00        1.125038e-01
  251        9.220659e-01        3.216157e+00        1.841531e-01
  252        7.670894e-01        2.675940e+00        2.484473e-01
  253        5.803838e-01        2.005235e+00        2.969389e-01
  254        3.895754e-01        1.272733e+00        3.128306e-01
  255        2.430192e-01        6.021956e-01        2.628958e-01
  256        1.754467e-01        1.754467e-01        1.026186e-01

 S O L U T I O N   T I M E   L O G   I N   S E C 

     TIME FOR INPUT PHASE = 0:00:00.010110
     TIME FOR CALCULATION OF STIFFNESS MATRIX = 0:00:00.128216
     TIME FOR FACTORIZATION AND LOAD CASE SOLUTIONS = 0:00:00.965289
     T O T A L   S O L U T I O N   T I M E = 0:00:01.110065
